Archive member included to satisfy reference by file (symbol)

.\CortexM3\ARM_GCC_541\Debug\SCSI2SDKit_Copy_03.a(SD_Data_Clk.o)
                              .\CortexM3\ARM_GCC_541\Debug\sd.o (SD_Data_Clk_SetDividerRegister)
.\CortexM3\ARM_GCC_541\Debug\SCSI2SDKit_Copy_03.a(SD_CS.o)
                              .\CortexM3\ARM_GCC_541\Debug\sd.o (SD_CS_Write)
.\CortexM3\ARM_GCC_541\Debug\SCSI2SDKit_Copy_03.a(SD_SCK.o)
                              .\CortexM3\ARM_GCC_541\Debug\sd.o (SD_SCK_SetDriveMode)
.\CortexM3\ARM_GCC_541\Debug\SCSI2SDKit_Copy_03.a(SD_MOSI.o)
                              .\CortexM3\ARM_GCC_541\Debug\sd.o (SD_MOSI_SetDriveMode)
.\CortexM3\ARM_GCC_541\Debug\SCSI2SDKit_Copy_03.a(SCSI_RST_ISR.o)
                              .\CortexM3\ARM_GCC_541\Debug\scsiPhy.o (SCSI_RST_ISR_Disable)
.\CortexM3\ARM_GCC_541\Debug\SCSI2SDKit_Copy_03.a(LED1.o)
                              .\CortexM3\ARM_GCC_541\Debug\led.o (LED1_Write)
.\CortexM3\ARM_GCC_541\Debug\SCSI2SDKit_Copy_03.a(SDCard.o)
                              .\CortexM3\ARM_GCC_541\Debug\sd.o (SDCard_ClearFIFO)
.\CortexM3\ARM_GCC_541\Debug\SCSI2SDKit_Copy_03.a(SD_MISO.o)
                              .\CortexM3\ARM_GCC_541\Debug\sd.o (SD_MISO_SetDriveMode)
.\CortexM3\ARM_GCC_541\Debug\SCSI2SDKit_Copy_03.a(USBFS.o)
                              .\CortexM3\ARM_GCC_541\Debug\config.o (USBFS_Start)
.\CortexM3\ARM_GCC_541\Debug\SCSI2SDKit_Copy_03.a(USBFS_drv.o)
                              .\CortexM3\ARM_GCC_541\Debug\SCSI2SDKit_Copy_03.a(USBFS.o) (USBFS_EP)
.\CortexM3\ARM_GCC_541\Debug\SCSI2SDKit_Copy_03.a(USBFS_episr.o)
                              .\CortexM3\ARM_GCC_541\Debug\SCSI2SDKit_Copy_03.a(USBFS.o) (USBFS_EP_1_ISR)
.\CortexM3\ARM_GCC_541\Debug\SCSI2SDKit_Copy_03.a(USBFS_hid.o)
                              .\CortexM3\ARM_GCC_541\Debug\SCSI2SDKit_Copy_03.a(USBFS.o) (USBFS_hidProtocol)
.\CortexM3\ARM_GCC_541\Debug\SCSI2SDKit_Copy_03.a(USBFS_pm.o)
                              .\CortexM3\ARM_GCC_541\Debug\SCSI2SDKit_Copy_03.a(USBFS.o) (USBFS_DP_ISR)
.\CortexM3\ARM_GCC_541\Debug\SCSI2SDKit_Copy_03.a(USBFS_std.o)
                              .\CortexM3\ARM_GCC_541\Debug\SCSI2SDKit_Copy_03.a(USBFS_drv.o) (USBFS_HandleStandardRqst)
.\CortexM3\ARM_GCC_541\Debug\SCSI2SDKit_Copy_03.a(USBFS_vnd.o)
                              .\CortexM3\ARM_GCC_541\Debug\SCSI2SDKit_Copy_03.a(USBFS_drv.o) (USBFS_HandleVendorRqst)
.\CortexM3\ARM_GCC_541\Debug\SCSI2SDKit_Copy_03.a(Bootloadable_1.o)
                              .\CortexM3\ARM_GCC_541\Debug\config.o (Bootloadable_1_Load)
.\CortexM3\ARM_GCC_541\Debug\SCSI2SDKit_Copy_03.a(USBFS_Dp.o)
                              .\CortexM3\ARM_GCC_541\Debug\SCSI2SDKit_Copy_03.a(USBFS.o) (USBFS_Dp_ClearInterrupt)
.\CortexM3\ARM_GCC_541\Debug\SCSI2SDKit_Copy_03.a(CyDmac.o)
                              .\CortexM3\ARM_GCC_541\Debug\Cm3Start.o (CyDmacConfigure)
.\CortexM3\ARM_GCC_541\Debug\SCSI2SDKit_Copy_03.a(CyFlash.o)
                              .\CortexM3\ARM_GCC_541\Debug\config.o (CySetTemp)
.\CortexM3\ARM_GCC_541\Debug\SCSI2SDKit_Copy_03.a(CyLib.o)
                              .\CortexM3\ARM_GCC_541\Debug\Cm3Start.o (CyResetStatus)
.\CortexM3\ARM_GCC_541\Debug\SCSI2SDKit_Copy_03.a(cyPm.o)
                              .\CortexM3\ARM_GCC_541\Debug\SCSI2SDKit_Copy_03.a(CyLib.o) (CyPmReadStatus)
.\CortexM3\ARM_GCC_541\Debug\SCSI2SDKit_Copy_03.a(CySpc.o)
                              .\CortexM3\ARM_GCC_541\Debug\SCSI2SDKit_Copy_03.a(CyFlash.o) (CySpcStart)
.\CortexM3\ARM_GCC_541\Debug\SCSI2SDKit_Copy_03.a(SD_TX_DMA_dma.o)
                              .\CortexM3\ARM_GCC_541\Debug\sd.o (SD_TX_DMA_DmaInitialize)
.\CortexM3\ARM_GCC_541\Debug\SCSI2SDKit_Copy_03.a(SD_RX_DMA_COMPLETE.o)
                              .\CortexM3\ARM_GCC_541\Debug\sd.o (SD_RX_DMA_COMPLETE_StartEx)
.\CortexM3\ARM_GCC_541\Debug\SCSI2SDKit_Copy_03.a(SD_RX_DMA_dma.o)
                              .\CortexM3\ARM_GCC_541\Debug\sd.o (SD_RX_DMA_DmaInitialize)
.\CortexM3\ARM_GCC_541\Debug\SCSI2SDKit_Copy_03.a(SCSI_CTL_PHASE.o)
                              .\CortexM3\ARM_GCC_541\Debug\scsi.o (SCSI_CTL_PHASE_Write)
.\CortexM3\ARM_GCC_541\Debug\SCSI2SDKit_Copy_03.a(SD_TX_DMA_COMPLETE.o)
                              .\CortexM3\ARM_GCC_541\Debug\sd.o (SD_TX_DMA_COMPLETE_StartEx)
.\CortexM3\ARM_GCC_541\Debug\SCSI2SDKit_Copy_03.a(SCSI_TX_DMA_dma.o)
                              .\CortexM3\ARM_GCC_541\Debug\scsiPhy.o (SCSI_TX_DMA_DmaInitialize)
.\CortexM3\ARM_GCC_541\Debug\SCSI2SDKit_Copy_03.a(SCSI_RX_DMA_dma.o)
                              .\CortexM3\ARM_GCC_541\Debug\scsiPhy.o (SCSI_RX_DMA_DmaInitialize)
.\CortexM3\ARM_GCC_541\Debug\SCSI2SDKit_Copy_03.a(SCSI_TX_DMA_COMPLETE.o)
                              .\CortexM3\ARM_GCC_541\Debug\scsiPhy.o (SCSI_TX_DMA_COMPLETE_StartEx)
.\CortexM3\ARM_GCC_541\Debug\SCSI2SDKit_Copy_03.a(SCSI_RX_DMA_COMPLETE.o)
[...]
Memory Configuration

Name             Origin             Length             Attributes
rom              0x00000000         0x00040000         xr
ram              0x1fff8000         0x00010000         xrw
*default*        0x00000000         0xffffffff

Linker script and memory map

LOAD c:/program files (x86)/cypress/psoc creator/4.2/psoc creator/import/gnu/arm/5.4.1/bin/../lib/gcc/arm-none-eabi/5.4.1/armv7-m/crti.o
LOAD c:/program files (x86)/cypress/psoc creator/4.2/psoc creator/import/gnu/arm/5.4.1/bin/../lib/gcc/arm-none-eabi/5.4.1/armv7-m/crtbegin.o
LOAD c:/program files (x86)/cypress/psoc creator/4.2/psoc creator/import/gnu/arm/5.4.1/bin/../lib/gcc/arm-none-eabi/5.4.1/../../../../arm-none-eabi/lib/armv7-m/crt0.o
START GROUP
LOAD .\CortexM3\ARM_GCC_541\Debug\main.o
LOAD .\CortexM3\ARM_GCC_541\Debug\diagnostic.o
LOAD .\CortexM3\ARM_GCC_541\Debug\disk.o
LOAD .\CortexM3\ARM_GCC_541\Debug\geometry.o
LOAD .\CortexM3\ARM_GCC_541\Debug\inquiry.o
LOAD .\CortexM3\ARM_GCC_541\Debug\mode.o
LOAD .\CortexM3\ARM_GCC_541\Debug\scsi.o
LOAD .\CortexM3\ARM_GCC_541\Debug\bits.o
LOAD .\CortexM3\ARM_GCC_541\Debug\sd.o
LOAD .\CortexM3\ARM_GCC_541\Debug\config.o
LOAD .\CortexM3\ARM_GCC_541\Debug\led.o
LOAD .\CortexM3\ARM_GCC_541\Debug\time.o
LOAD .\CortexM3\ARM_GCC_541\Debug\hidpacket.o
LOAD .\CortexM3\ARM_GCC_541\Debug\cdrom.o
LOAD .\CortexM3\ARM_GCC_541\Debug\trace.o
LOAD .\CortexM3\ARM_GCC_541\Debug\mo.o
LOAD .\CortexM3\ARM_GCC_541\Debug\tape.o
LOAD .\CortexM3\ARM_GCC_541\Debug\vendor.o
LOAD .\CortexM3\ARM_GCC_541\Debug\scsiPhy.o
LOAD .\CortexM3\ARM_GCC_541\Debug\cyfitter_cfg.o
LOAD .\CortexM3\ARM_GCC_541\Debug\cybootloader.o
LOAD .\CortexM3\ARM_GCC_541\Debug\cymetadata.o
LOAD .\CortexM3\ARM_GCC_541\Debug\Cm3Start.o
LOAD .\CortexM3\ARM_GCC_541\Debug\SCSI2SDKit_Copy_03.a
LOAD C:\Program Files (x86)\Cypress\PSoC Creator\4.2\PSoC Creator\psoc\content\cycomponentlibrary\CyComponentLibrary.cylib\CortexM3\ARM_GCC_541\Debug\CyComponentLibrary.a
END GROUP
START GROUP
LOAD c:/program files (x86)/cypress/psoc creator/4.2/psoc creator/import/gnu/arm/5.4.1/bin/../lib/gcc/arm-none-eabi/5.4.1/armv7-m\libgcc.a
LOAD c:/program files (x86)/cypress/psoc creator/4.2/psoc creator/import/gnu/arm/5.4.1/bin/../lib/gcc/arm-none-eabi/5.4.1/../../../../arm-none-eabi/lib/armv7-m\libg_nano.a
LOAD c:/program files (x86)/cypress/psoc creator/4.2/psoc creator/import/gnu/arm/5.4.1/bin/../lib/gcc/arm-none-eabi/5.4.1/../../../../arm-none-eabi/lib/armv7-m\libc_nano.a
END GROUP
START GROUP
LOAD c:/program files (x86)/cypress/psoc creator/4.2/psoc creator/import/gnu/arm/5.4.1/bin/../lib/gcc/arm-none-eabi/5.4.1/armv7-m\libgcc.a
LOAD c:/program files (x86)/cypress/psoc creator/4.2/psoc creator/import/gnu/arm/5.4.1/bin/../lib/gcc/arm-none-eabi/5.4.1/../../../../arm-none-eabi/lib/armv7-m\libc_nano.a
END GROUP
LOAD c:/program files (x86)/cypress/psoc creator/4.2/psoc creator/import/gnu/arm/5.4.1/bin/../lib/gcc/arm-none-eabi/5.4.1/armv7-m/crtend.o
LOAD c:/program files (x86)/cypress/psoc creator/4.2/psoc creator/import/gnu/arm/5.4.1/bin/../lib/gcc/arm-none-eabi/5.4.1/armv7-m/crtn.o
START GROUP
LOAD c:/program files (x86)/cypress/psoc creator/4.2/psoc creator/import/gnu/arm/5.4.1/bin/../lib/gcc/arm-none-eabi/5.4.1/armv7-m\libgcc.a
LOAD c:/program files (x86)/cypress/psoc creator/4.2/psoc creator/import/gnu/arm/5.4.1/bin/../lib/gcc/arm-none-eabi/5.4.1/../../../../arm-none-eabi/lib/armv7-m\libc.a
LOAD c:/program files (x86)/cypress/psoc creator/4.2/psoc creator/import/gnu/arm/5.4.1/bin/../lib/gcc/arm-none-eabi/5.4.1/../../../../arm-none-eabi/lib/armv7-m\libnosys.a
END GROUP
                0x00000000                CY_APPL_ORIGIN = 0x0
                0x00000100                CY_FLASH_ROW_SIZE = 0x100
                0x00000020                CY_ECC_ROW_SIZE = 0x20
                0x00000000                CY_EE_IN_BTLDR = 0x0
                0x00000001                CY_APPL_LOADABLE = 0x1
                0x00000800                CY_EE_SIZE = 0x800
                0x00000001                CY_APPL_NUM = 0x1
                0x00000001                CY_APPL_MAX = 0x1
                0x00000040                CY_METADATA_SIZE = 0x40
                0x00000001                CY_APPL_LOADABLE = 0x1
                0x00000000                CY_CHECKSUM_EXCLUDE_SIZE = ALIGN (0x0, CY_FLASH_ROW_SIZE)
                [!provide]                PROVIDE (__cy_heap_start, _end)
                0x00000001                PROVIDE (__cy_region_num, ((__cy_regions_end - __cy_regions) / 0x10))
                0x20008000                PROVIDE (__cy_stack, (ORIGIN (ram) + LENGTH (ram)))
                [!provide]                PROVIDE (__cy_heap_end, (__cy_stack - 0x1000))

.cybootloader   0x00000000     0x4300
 *(.cybootloader)
 .cybootloader  0x00000000     0x4300 .\CortexM3\ARM_GCC_541\Debug\cybootloader.o
                0x00000000                cy_bootloader
                0x00004300                appl1_start = CY_APPL_ORIGIN?CY_APPL_ORIGIN:ALIGN (CY_FLASH_ROW_SIZE)
                0x00022100                appl2_start = (appl1_start + ALIGN ((((LENGTH (rom) - appl1_start) - (0x2 * CY_FLASH_ROW_SIZE)) / 0x2), CY_FLASH_ROW_SIZE))
                0x00004300                appl_start = (CY_APPL_NUM == 0x1)?appl1_start:appl2_start
                0x00000860                ecc_offset = ((appl_start / CY_FLASH_ROW_SIZE) * CY_ECC_ROW_SIZE)
                0x00000000                ee_offset = (CY_APPL_LOADABLE && ! (CY_EE_IN_BTLDR))?((CY_EE_SIZE / CY_APPL_MAX) * (CY_APPL_NUM - 0x1)):0x0
                0x00000800                ee_size = (CY_APPL_LOADABLE && ! (CY_EE_IN_BTLDR))?(CY_EE_SIZE / CY_APPL_MAX):CY_EE_SIZE
                [!provide]                PROVIDE (CY_ECC_OFFSET, ecc_offset)

.text           0x00004300     0xc49e
 CREATE_OBJECT_SYMBOLS
                0x00004300                PROVIDE (__cy_interrupt_vector, RomVectors)
 *(.romvectors)
 .romvectors    0x00004300       0x10 .\CortexM3\ARM_GCC_541\Debug\Cm3Start.o
                0x00004300                RomVectors
                0x00000001                ASSERT ((. != __cy_interrupt_vector), No interrupt vector)
                0x00000001                ASSERT (CY_APPL_ORIGIN?(SIZEOF (.cybootloader) <= CY_APPL_ORIGIN):0x1, Wrong image location)
                0x00004310                PROVIDE (__cy_reset, Reset)
 *(.text.Reset)
 .text.Reset    0x00004310        0x8 .\CortexM3\ARM_GCC_541\Debug\Cm3Start.o
                0x00004310                Reset
                0x00000001                ASSERT ((. != __cy_reset), No reset code)
 *(.dma_init)
                0x00000001                ASSERT ((((appl_start + .) <= 0x10000) || 0x1), DMA Init must be within the first 64k of flash)
 *(.text .text.* .gnu.linkonce.t.*)
 .text          0x00004318       0x5c c:/program files (x86)/cypress/psoc creator/4.2/psoc creator/import/gnu/arm/5.4.1/bin/../lib/gcc/arm-none-eabi/5.4.1/armv7-m/crtbegin.o
 .text.soundInit
                0x00004374       0x18 .\CortexM3\ARM_GCC_541\Debug\main.o
                0x00004374                soundInit
 .text.main     0x0000438c      0x138 .\CortexM3\ARM_GCC_541\Debug\main.o
                0x0000438c                main
 .text.scsiSendDiagnostic
                0x000044c4       0x90 .\CortexM3\ARM_GCC_541\Debug\diagnostic.o
                0x000044c4                scsiSendDiagnostic
 .text.scsiReceiveDiagnostic
                0x00004554      0x16c .\CortexM3\ARM_GCC_541\Debug\diagnostic.o
                0x00004554                scsiReceiveDiagnostic
 .text.scsiReadBuffer
                0x000046c0       0xc8 .\CortexM3\ARM_GCC_541\Debug\diagnostic.o
                0x000046c0                scsiReadBuffer
 .text.doWriteBuffer
                0x00004788       0x28 .\CortexM3\ARM_GCC_541\Debug\diagnostic.o
 .text.scsiWriteBuffer
                0x000047b0       0xa4 .\CortexM3\ARM_GCC_541\Debug\diagnostic.o
                0x000047b0                scsiWriteBuffer
 .text.scsiWriteSectorBuffer
                0x00004854       0x3c .\CortexM3\ARM_GCC_541\Debug\diagnostic.o
                0x00004854                scsiWriteSectorBuffer
 .text.SDSectorsPerSCSISector
                0x00004890       0x24 .\CortexM3\ARM_GCC_541\Debug\disk.o
 .text.doSdInit
                0x000048b4       0x3c .\CortexM3\ARM_GCC_541\Debug\disk.o
 .text.doFormatUnitComplete
                0x000048f0       0x18 .\CortexM3\ARM_GCC_541\Debug\disk.o
 .text.doFormatUnitSkipData
                0x00004908       0x30 .\CortexM3\ARM_GCC_541\Debug\disk.o
 .text.doFormatUnitPatternHeader
                0x00004938       0x48 .\CortexM3\ARM_GCC_541\Debug\disk.o
 .text.doFormatUnitHeader
                0x00004980       0xac .\CortexM3\ARM_GCC_541\Debug\disk.o
 .text.doReadCapacity
                0x00004a2c      0x158 .\CortexM3\ARM_GCC_541\Debug\disk.o
 .text.doWrite  0x00004b84      0x178 .\CortexM3\ARM_GCC_541\Debug\disk.o
 .text.doRead   0x00004cfc      0x15c .\CortexM3\ARM_GCC_541\Debug\disk.o
 .text.doSeek   0x00004e58       0x68 .\CortexM3\ARM_GCC_541\Debug\disk.o
 .text.doTestUnitReady
                0x00004ec0       0xf4 .\CortexM3\ARM_GCC_541\Debug\disk.o
 .text.scsiDiskCommand
                0x00004fb4      0x45c .\CortexM3\ARM_GCC_541\Debug\disk.o
                0x00004fb4                scsiDiskCommand
 .text.scsiDiskPoll
                0x00005410      0x6c0 .\CortexM3\ARM_GCC_541\Debug\disk.o
                0x00005410                scsiDiskPoll
 .text.scsiDiskReset
                0x00005ad0       0x60 .\CortexM3\ARM_GCC_541\Debug\disk.o
                0x00005ad0                scsiDiskReset
 .text.scsiDiskInit
                0x00005b30       0x18 .\CortexM3\ARM_GCC_541\Debug\disk.o
                0x00005b30                scsiDiskInit
 .text.SDSectorsPerSCSISector
                0x00005b48       0x24 .\CortexM3\ARM_GCC_541\Debug\geometry.o
 .text.getScsiCapacity
                0x00005b6c       0x48 .\CortexM3\ARM_GCC_541\Debug\geometry.o
                0x00005b6c                getScsiCapacity
 .text.SCSISector2SD
                0x00005bb4       0x2c .\CortexM3\ARM_GCC_541\Debug\geometry.o
                0x00005bb4                SCSISector2SD
 .text.CHS2LBA  0x00005be0       0x74 .\CortexM3\ARM_GCC_541\Debug\geometry.o
                0x00005be0                CHS2LBA
 .text.LBA2CHS  0x00005c54       0x58 .\CortexM3\ARM_GCC_541\Debug\geometry.o
                0x00005c54                LBA2CHS
 .text.scsiByteAddress
                0x00005cac      0x19c .\CortexM3\ARM_GCC_541\Debug\geometry.o
                0x00005cac                scsiByteAddress
 .text.scsiSaveByteAddress
                0x00005e48      0x1ac .\CortexM3\ARM_GCC_541\Debug\geometry.o
                0x00005e48                scsiSaveByteAddress
 .text.useCustomVPD
                0x00005ff4       0xc4 .\CortexM3\ARM_GCC_541\Debug\inquiry.o
 .text.scsiInquiry
                0x000060b8      0x318 .\CortexM3\ARM_GCC_541\Debug\inquiry.o
                0x000060b8                scsiInquiry
 .text.getDeviceTypeQualifier
                0x000063d0       0x4c .\CortexM3\ARM_GCC_541\Debug\inquiry.o
                0x000063d0                getDeviceTypeQualifier
 .text.pageIn   0x0000641c       0x50 .\CortexM3\ARM_GCC_541\Debug\mode.o
 .text.useCustomPages
                0x0000646c       0xa4 .\CortexM3\ARM_GCC_541\Debug\mode.o
 .text.doModeSense
                0x00006510      0x704 .\CortexM3\ARM_GCC_541\Debug\mode.o
 .text.doModeSelect
                0x00006c14      0x1c0 .\CortexM3\ARM_GCC_541\Debug\mode.o
 .text.scsiModeCommand
                0x00006dd4      0x184 .\CortexM3\ARM_GCC_541\Debug\mode.o
                0x00006dd4                scsiModeCommand
 .text.enter_BusFree
                0x00006f58       0x74 .\CortexM3\ARM_GCC_541\Debug\scsi.o
                0x00006f58                enter_BusFree
 .text.enter_MessageIn
                0x00006fcc       0x2c .\CortexM3\ARM_GCC_541\Debug\scsi.o
 .text.process_MessageIn
                0x00006ff8       0xc0 .\CortexM3\ARM_GCC_541\Debug\scsi.o
                0x00006ff8                process_MessageIn
 .text.messageReject
                0x000070b8       0x14 .\CortexM3\ARM_GCC_541\Debug\scsi.o
 .text.enter_Status
                0x000070cc       0x60 .\CortexM3\ARM_GCC_541\Debug\scsi.o
 .text.process_Status
                0x0000712c      0x194 .\CortexM3\ARM_GCC_541\Debug\scsi.o
                0x0000712c                process_Status
 .text.enter_DataIn
                0x000072c0       0x2c .\CortexM3\ARM_GCC_541\Debug\scsi.o
 .text.process_DataIn
                0x000072ec       0xbc .\CortexM3\ARM_GCC_541\Debug\scsi.o
 .text.process_DataOut
                0x000073a8      0x11c .\CortexM3\ARM_GCC_541\Debug\scsi.o
 .text.process_Command
                0x000074c4      0x50c .\CortexM3\ARM_GCC_541\Debug\scsi.o
 .text.doReserveRelease
                0x000079d0      0x138 .\CortexM3\ARM_GCC_541\Debug\scsi.o
 .text.scsiReset
                0x00007b08       0xfc .\CortexM3\ARM_GCC_541\Debug\scsi.o
 .text.enter_SelectionPhase
                0x00007c04       0xa0 .\CortexM3\ARM_GCC_541\Debug\scsi.o
 .text.process_SelectionPhase
                0x00007ca4      0x39c .\CortexM3\ARM_GCC_541\Debug\scsi.o
 .text.process_MessageOut
                0x00008040      0x318 .\CortexM3\ARM_GCC_541\Debug\scsi.o
 .text.scsiPoll
                0x00008358      0x218 .\CortexM3\ARM_GCC_541\Debug\scsi.o
                0x00008358                scsiPoll
 .text.scsiInit
                0x00008570      0x150 .\CortexM3\ARM_GCC_541\Debug\scsi.o
                0x00008570                scsiInit
 .text.scsiDisconnect
                0x000086c0       0x38 .\CortexM3\ARM_GCC_541\Debug\scsi.o
                0x000086c0                scsiDisconnect
 .text.scsiReconnect
                0x000086f8      0x244 .\CortexM3\ARM_GCC_541\Debug\scsi.o
                0x000086f8                scsiReconnect
 .text.countBits
                0x0000893c       0x38 .\CortexM3\ARM_GCC_541\Debug\bits.o
                0x0000893c                countBits
 .text.sdRxISR  0x00008974       0x18 .\CortexM3\ARM_GCC_541\Debug\sd.o
                0x00008974                sdRxISR
 .text.sdTxISR  0x0000898c       0x18 .\CortexM3\ARM_GCC_541\Debug\sd.o
                0x0000898c                sdTxISR
 .text.sdCrc7   0x000089a4       0x74 .\CortexM3\ARM_GCC_541\Debug\sd.o
 .text.sdSpiByte
                0x00008a18       0x40 .\CortexM3\ARM_GCC_541\Debug\sd.o
 .text.sdWaitWriteBusy
                0x00008a58       0x20 .\CortexM3\ARM_GCC_541\Debug\sd.o
 .text.sdPreCmdState
                0x00008a78       0x54 .\CortexM3\ARM_GCC_541\Debug\sd.o
 .text.sdDoCommand
                0x00008acc      0x2a4 .\CortexM3\ARM_GCC_541\Debug\sd.o
 .text.sdCommandAndResponse
                0x00008d70       0x24 .\CortexM3\ARM_GCC_541\Debug\sd.o
 .text.sdCRCCommandAndResponse
                0x00008d94       0x24 .\CortexM3\ARM_GCC_541\Debug\sd.o
 .text.sdClearStatus
                0x00008db8       0x24 .\CortexM3\ARM_GCC_541\Debug\sd.o
 .text.sdReadMultiSectorPrep
                0x00008ddc       0xd0 .\CortexM3\ARM_GCC_541\Debug\sd.o
                0x00008ddc                sdReadMultiSectorPrep
 .text.dmaReadSector
                0x00008eac      0x1f8 .\CortexM3\ARM_GCC_541\Debug\sd.o
 .text.sdReadSectorDMAPoll
                0x000090a4       0x38 .\CortexM3\ARM_GCC_541\Debug\sd.o
                0x000090a4                sdReadSectorDMAPoll
 .text.sdReadSingleSectorDMA
                0x000090dc       0x80 .\CortexM3\ARM_GCC_541\Debug\sd.o
                0x000090dc                sdReadSingleSectorDMA
 .text.sdReadMultiSectorDMA
                0x0000915c       0x18 .\CortexM3\ARM_GCC_541\Debug\sd.o
                0x0000915c                sdReadMultiSectorDMA
 .text.sdCompleteRead
                0x00009174       0x9c .\CortexM3\ARM_GCC_541\Debug\sd.o
 .text.sdWriteMultiSectorDMA
                0x00009210      0x194 .\CortexM3\ARM_GCC_541\Debug\sd.o
                0x00009210                sdWriteMultiSectorDMA
 .text.sdWriteSectorDMAPoll
                0x000093a4       0xfc .\CortexM3\ARM_GCC_541\Debug\sd.o
                0x000093a4                sdWriteSectorDMAPoll
 .text.sdCompleteWrite
                0x000094a0       0xbc .\CortexM3\ARM_GCC_541\Debug\sd.o
 .text.sdCompleteTransfer
                0x0000955c       0x10 .\CortexM3\ARM_GCC_541\Debug\sd.o
                0x0000955c                sdCompleteTransfer
 .text.sendIfCond
                0x0000956c       0x7c .\CortexM3\ARM_GCC_541\Debug\sd.o
 .text.sdOpCond
                0x000095e8       0x50 .\CortexM3\ARM_GCC_541\Debug\sd.o
 .text.sdReadOCR
                0x00009638       0xa0 .\CortexM3\ARM_GCC_541\Debug\sd.o
 .text.sdReadCID
                0x000096d8       0x84 .\CortexM3\ARM_GCC_541\Debug\sd.o
 .text.sdReadCSD
                0x0000975c      0x16c .\CortexM3\ARM_GCC_541\Debug\sd.o
 .text.sdInitDMA
                0x000098c8       0x70 .\CortexM3\ARM_GCC_541\Debug\sd.o
 .text.sdInit   0x00009938      0x198 .\CortexM3\ARM_GCC_541\Debug\sd.o
                0x00009938                sdInit
 .text.sdWriteMultiSectorPrep
                0x00009ad0       0xf0 .\CortexM3\ARM_GCC_541\Debug\sd.o
                0x00009ad0                sdWriteMultiSectorPrep
 .text.sdPoll   0x00009bc0       0x40 .\CortexM3\ARM_GCC_541\Debug\sd.o
                0x00009bc0                sdPoll
 .text.sdCheckPresent
                0x00009c00       0xc8 .\CortexM3\ARM_GCC_541\Debug\sd.o
                0x00009c00                sdCheckPresent
 .text.initBoardConfig
                0x00009cc8       0x50 .\CortexM3\ARM_GCC_541\Debug\config.o
 .text.configInit
                0x00009d18       0x88 .\CortexM3\ARM_GCC_541\Debug\config.o
                0x00009d18                configInit
 .text.readFlashCommand
                0x00009da0       0x3c .\CortexM3\ARM_GCC_541\Debug\config.o
 .text.writeFlashCommand
                0x00009ddc       0x80 .\CortexM3\ARM_GCC_541\Debug\config.o
 .text.pingCommand
                0x00009e5c       0x1c .\CortexM3\ARM_GCC_541\Debug\config.o
 .text.sdInfoCommand
                0x00009e78       0x40 .\CortexM3\ARM_GCC_541\Debug\config.o
 .text.scsiTestCommand
                0x00009eb8       0x34 .\CortexM3\ARM_GCC_541\Debug\config.o
 .text.processCommand
                0x00009eec       0x6c .\CortexM3\ARM_GCC_541\Debug\config.o
 .text.configPoll
                0x00009f58      0x110 .\CortexM3\ARM_GCC_541\Debug\config.o
                0x00009f58                configPoll
 .text.debugPoll
                0x0000a068      0x248 .\CortexM3\ARM_GCC_541\Debug\config.o
                0x0000a068                debugPoll
 .text.debugTimerISR
                0x0000a2b0       0x2c .\CortexM3\ARM_GCC_541\Debug\config.o
                0x0000a2b0                debugTimerISR
 .text.debugInit
                0x0000a2dc       0x18 .\CortexM3\ARM_GCC_541\Debug\config.o
                0x0000a2dc                debugInit
 .text.isDebugEnabled
                0x0000a2f4       0x14 .\CortexM3\ARM_GCC_541\Debug\config.o
                0x0000a2f4                isDebugEnabled
 .text.configSave
                0x0000a308       0x94 .\CortexM3\ARM_GCC_541\Debug\config.o
                0x0000a308                configSave
 .text.getConfigByIndex
                0x0000a39c       0x3c .\CortexM3\ARM_GCC_541\Debug\config.o
                0x0000a39c                getConfigByIndex
 .text.ledInit  0x0000a3d8       0x14 .\CortexM3\ARM_GCC_541\Debug\led.o
                0x0000a3d8                ledInit
 .text.ledOn    0x0000a3ec       0x10 .\CortexM3\ARM_GCC_541\Debug\led.o
                0x0000a3ec                ledOn
 .text.ledOff   0x0000a3fc       0x10 .\CortexM3\ARM_GCC_541\Debug\led.o
                0x0000a3fc                ledOff
 .text.NVIC_SetPriority
                0x0000a40c       0x54 .\CortexM3\ARM_GCC_541\Debug\time.o
 .text.SysTick_Config
                0x0000a460       0x44 .\CortexM3\ARM_GCC_541\Debug\time.o
 .text.TickISR  0x0000a4a4       0x1c .\CortexM3\ARM_GCC_541\Debug\time.o
                0x0000a4a4                TickISR
 .text.timeInit
                0x0000a4c0       0x1c .\CortexM3\ARM_GCC_541\Debug\time.o
                0x0000a4c0                timeInit
 .text.getTime_ms
                0x0000a4dc       0x14 .\CortexM3\ARM_GCC_541\Debug\time.o
                0x0000a4dc                getTime_ms
 .text.diffTime_ms
                0x0000a4f0       0x2c .\CortexM3\ARM_GCC_541\Debug\time.o
                0x0000a4f0                diffTime_ms
 .text.elapsedTime_ms
                0x0000a51c       0x34 .\CortexM3\ARM_GCC_541\Debug\time.o
                0x0000a51c                elapsedTime_ms
 .text.rxReset  0x0000a550       0x30 .\CortexM3\ARM_GCC_541\Debug\hidpacket.o
 .text.txReset  0x0000a580       0x30 .\CortexM3\ARM_GCC_541\Debug\hidpacket.o
 .text.hidPacket_recv
                0x0000a5b0       0xf0 .\CortexM3\ARM_GCC_541\Debug\hidpacket.o
                0x0000a5b0                hidPacket_recv
 .text.hidPacket_getPacket
                0x0000a6a0       0x3c .\CortexM3\ARM_GCC_541\Debug\hidpacket.o
                0x0000a6a0                hidPacket_getPacket
 .text.hidPacket_send
                0x0000a6dc       0x48 .\CortexM3\ARM_GCC_541\Debug\hidpacket.o
                0x0000a6dc                hidPacket_send
 .text.hidPacket_getHIDBytes
                0x0000a724       0xb8 .\CortexM3\ARM_GCC_541\Debug\hidpacket.o
                0x0000a724                hidPacket_getHIDBytes
 .text.LBA2MSF  0x0000a7dc       0x7c .\CortexM3\ARM_GCC_541\Debug\cdrom.o
 .text.doReadTOC
                0x0000a858       0xe4 .\CortexM3\ARM_GCC_541\Debug\cdrom.o
 .text.doReadSessionInfo
                0x0000a93c       0x54 .\CortexM3\ARM_GCC_541\Debug\cdrom.o
 .text.fromBCD  0x0000a990       0x30 .\CortexM3\ARM_GCC_541\Debug\cdrom.o
 .text.doReadFullTOC
                0x0000a9c0       0xd4 .\CortexM3\ARM_GCC_541\Debug\cdrom.o
 .text.doReadHeader
                0x0000aa94       0x50 .\CortexM3\ARM_GCC_541\Debug\cdrom.o
                0x0000aa94                doReadHeader
 .text.scsiCDRomCommand
                0x0000aae4      0x158 .\CortexM3\ARM_GCC_541\Debug\cdrom.o
                0x0000aae4                scsiCDRomCommand
 .text.traceInit
                0x0000ac3c       0x80 .\CortexM3\ARM_GCC_541\Debug\trace.o
                0x0000ac3c                traceInit
 .text.scsiMOCommand
                0x0000acbc       0x38 .\CortexM3\ARM_GCC_541\Debug\mo.o
                0x0000acbc                scsiMOCommand
 .text.scsiTapeCommand
                0x0000acf4       0x10 .\CortexM3\ARM_GCC_541\Debug\tape.o
                0x0000acf4                scsiTapeCommand
 .text.doAssignDiskParameters
                0x0000ad04       0x18 .\CortexM3\ARM_GCC_541\Debug\vendor.o
 .text.scsiVendorCommand
                0x0000ad1c       0x84 .\CortexM3\ARM_GCC_541\Debug\vendor.o
                0x0000ad1c                scsiVendorCommand
 .text.scsiRxCompleteISR
                0x0000ada0       0x20 .\CortexM3\ARM_GCC_541\Debug\scsiPhy.o
                0x0000ada0                scsiRxCompleteISR
 .text.scsiTxCompleteISR
                0x0000adc0       0x20 .\CortexM3\ARM_GCC_541\Debug\scsiPhy.o
                0x0000adc0                scsiTxCompleteISR
 .text.scsiResetISR
                0x0000ade0       0x24 .\CortexM3\ARM_GCC_541\Debug\scsiPhy.o
                0x0000ade0                scsiResetISR
 .text.scsiSelectionISR
                0x0000ae04       0x24 .\CortexM3\ARM_GCC_541\Debug\scsiPhy.o
                0x0000ae04                scsiSelectionISR
 .text.scsiReadDBxPins
                0x0000ae28       0xf0 .\CortexM3\ARM_GCC_541\Debug\scsiPhy.o
                0x0000ae28                scsiReadDBxPins
 .text.scsiReadByte
                0x0000af18       0xb0 .\CortexM3\ARM_GCC_541\Debug\scsiPhy.o
                0x0000af18                scsiReadByte
 .text.scsiReadPIO
                0x0000afc8       0xac .\CortexM3\ARM_GCC_541\Debug\scsiPhy.o
 .text.doRxSingleDMA
                0x0000b074       0xe0 .\CortexM3\ARM_GCC_541\Debug\scsiPhy.o
 .text.scsiReadDMA
                0x0000b154       0x54 .\CortexM3\ARM_GCC_541\Debug\scsiPhy.o
                0x0000b154                scsiReadDMA
 .text.scsiReadDMAPoll
                0x0000b1a8       0xc8 .\CortexM3\ARM_GCC_541\Debug\scsiPhy.o
                0x0000b1a8                scsiReadDMAPoll
 .text.scsiRead
                0x0000b270       0x5c .\CortexM3\ARM_GCC_541\Debug\scsiPhy.o
                0x0000b270                scsiRead
 .text.scsiWriteByte
                0x0000b2cc       0x90 .\CortexM3\ARM_GCC_541\Debug\scsiPhy.o
                0x0000b2cc                scsiWriteByte
 .text.scsiWritePIO
                0x0000b35c       0xa4 .\CortexM3\ARM_GCC_541\Debug\scsiPhy.o
 .text.doTxSingleDMA
                0x0000b400       0x8c .\CortexM3\ARM_GCC_541\Debug\scsiPhy.o
 .text.scsiWriteDMA
                0x0000b48c       0x54 .\CortexM3\ARM_GCC_541\Debug\scsiPhy.o
                0x0000b48c                scsiWriteDMA
 .text.scsiWriteDMAPoll
                0x0000b4e0       0xc8 .\CortexM3\ARM_GCC_541\Debug\scsiPhy.o
                0x0000b4e0                scsiWriteDMAPoll
 .text.scsiWrite
                0x0000b5a8       0x5c .\CortexM3\ARM_GCC_541\Debug\scsiPhy.o
                0x0000b5a8                scsiWrite
 .text.busSettleDelay
                0x0000b604       0x10 .\CortexM3\ARM_GCC_541\Debug\scsiPhy.o
 .text.scsiEnterPhase
                0x0000b614       0x74 .\CortexM3\ARM_GCC_541\Debug\scsiPhy.o
                0x0000b614                scsiEnterPhase
 .text.scsiPhyReset
                0x0000b688      0x188 .\CortexM3\ARM_GCC_541\Debug\scsiPhy.o
                0x0000b688                scsiPhyReset
 .text.scsiPhyInitDMA
                0x0000b810       0x90 .\CortexM3\ARM_GCC_541\Debug\scsiPhy.o
 .text.scsiPhyInit
                0x0000b8a0       0x20 .\CortexM3\ARM_GCC_541\Debug\scsiPhy.o
                0x0000b8a0                scsiPhyInit
 .text.scsiPhyConfig
                0x0000b8c0       0x78 .\CortexM3\ARM_GCC_541\Debug\scsiPhy.o
                0x0000b8c0                scsiPhyConfig
 .text.scsiSelfTest
                0x0000b938      0x250 .\CortexM3\ARM_GCC_541\Debug\scsiPhy.o
                0x0000b938                scsiSelfTest
 .text.CYMEMZERO
                0x0000bb88       0x1c .\CortexM3\ARM_GCC_541\Debug\cyfitter_cfg.o
 .text.CYCONFIGCPY
                0x0000bba4       0x20 .\CortexM3\ARM_GCC_541\Debug\cyfitter_cfg.o
 .text.CYCONFIGCPYCODE
                0x0000bbc4       0x20 .\CortexM3\ARM_GCC_541\Debug\cyfitter_cfg.o
 .text.CyClockStartupError
                0x0000bbe4        0xc .\CortexM3\ARM_GCC_541\Debug\cyfitter_cfg.o
 .text.cfg_write_bytes32
                0x0000bbf0       0x74 .\CortexM3\ARM_GCC_541\Debug\cyfitter_cfg.o
 .text.ClockSetup
                0x0000bc64      0x144 .\CortexM3\ARM_GCC_541\Debug\cyfitter_cfg.o
 .text.AnalogSetDefault
                0x0000bda8       0x80 .\CortexM3\ARM_GCC_541\Debug\cyfitter_cfg.o
 .text.cyfitter_cfg
                0x0000be28      0x200 .\CortexM3\ARM_GCC_541\Debug\cyfitter_cfg.o
                0x0000be28                cyfitter_cfg
 .text.IntDefaultHandler
                0x0000c028       0x14 .\CortexM3\ARM_GCC_541\Debug\Cm3Start.o
                0x0000c028                IntDefaultHandler
 .text.Start_c  0x0000c03c       0x98 .\CortexM3\ARM_GCC_541\Debug\Cm3Start.o
                0x0000c03c                Start_c
 .text.initialize_psoc
                0x0000c0d4       0x94 .\CortexM3\ARM_GCC_541\Debug\Cm3Start.o
                0x0000c0d4                initialize_psoc
 .text.SD_Data_Clk_SetDividerRegister
                0x0000c168      0x164 .\CortexM3\ARM_GCC_541\Debug\SCSI2SDKit_Copy_03.a(SD_Data_Clk.o)
                0x0000c168                SD_Data_Clk_SetDividerRegister
 .text.SD_Data_Clk_GetDividerRegister
                0x0000c2cc       0x18 .\CortexM3\ARM_GCC_541\Debug\SCSI2SDKit_Copy_03.a(SD_Data_Clk.o)
                0x0000c2cc                SD_Data_Clk_GetDividerRegister
 .text.SD_Data_Clk_GetSourceRegister
                0x0000c2e4       0x1c .\CortexM3\ARM_GCC_541\Debug\SCSI2SDKit_Copy_03.a(SD_Data_Clk.o)
                0x0000c2e4                SD_Data_Clk_GetSourceRegister
 .text.SD_CS_Write
                0x0000c300       0x38 .\CortexM3\ARM_GCC_541\Debug\SCSI2SDKit_Copy_03.a(SD_CS.o)
                0x0000c300                SD_CS_Write
 .text.SD_CS_SetDriveMode
                0x0000c338       0x3c .\CortexM3\ARM_GCC_541\Debug\SCSI2SDKit_Copy_03.a(SD_CS.o)
                0x0000c338                SD_CS_SetDriveMode
 .text.SD_SCK_SetDriveMode
                0x0000c374       0x3c .\CortexM3\ARM_GCC_541\Debug\SCSI2SDKit_Copy_03.a(SD_SCK.o)
                0x0000c374                SD_SCK_SetDriveMode
 .text.SD_MOSI_SetDriveMode
                0x0000c3b0       0x3c .\CortexM3\ARM_GCC_541\Debug\SCSI2SDKit_Copy_03.a(SD_MOSI.o)
                0x0000c3b0                SD_MOSI_SetDriveMode
 .text.SCSI_RST_ISR_StartEx
                0x0000c3ec       0x24 .\CortexM3\ARM_GCC_541\Debug\SCSI2SDKit_Copy_03.a(SCSI_RST_ISR.o)
                0x0000c3ec                SCSI_RST_ISR_StartEx
 .text.SCSI_RST_ISR_SetVector
                0x0000c410       0x24 .\CortexM3\ARM_GCC_541\Debug\SCSI2SDKit_Copy_03.a(SCSI_RST_ISR.o)
                0x0000c410                SCSI_RST_ISR_SetVector
 .text.SCSI_RST_ISR_SetPriority
                0x0000c434       0x24 .\CortexM3\ARM_GCC_541\Debug\SCSI2SDKit_Copy_03.a(SCSI_RST_ISR.o)
                0x0000c434                SCSI_RST_ISR_SetPriority
 .text.SCSI_RST_ISR_Enable
                0x0000c458       0x18 .\CortexM3\ARM_GCC_541\Debug\SCSI2SDKit_Copy_03.a(SCSI_RST_ISR.o)
                0x0000c458                SCSI_RST_ISR_Enable
 .text.SCSI_RST_ISR_Disable
                0x0000c470       0x18 .\CortexM3\ARM_GCC_541\Debug\SCSI2SDKit_Copy_03.a(SCSI_RST_ISR.o)
                0x0000c470                SCSI_RST_ISR_Disable
 .text.LED1_Write
                0x0000c488       0x3c .\CortexM3\ARM_GCC_541\Debug\SCSI2SDKit_Copy_03.a(LED1.o)
                0x0000c488                LED1_Write
 .text.LED1_SetDriveMode
                0x0000c4c4       0x3c .\CortexM3\ARM_GCC_541\Debug\SCSI2SDKit_Copy_03.a(LED1.o)
                0x0000c4c4                LED1_SetDriveMode
 .text.SDCard_Init
                0x0000c500       0x34 .\CortexM3\ARM_GCC_541\Debug\SCSI2SDKit_Copy_03.a(SDCard.o)
                0x0000c500                SDCard_Init
 .text.SDCard_Enable
                0x0000c534       0x64 .\CortexM3\ARM_GCC_541\Debug\SCSI2SDKit_Copy_03.a(SDCard.o)
                0x0000c534                SDCard_Enable
 .text.SDCard_Start
                0x0000c598       0x24 .\CortexM3\ARM_GCC_541\Debug\SCSI2SDKit_Copy_03.a(SDCard.o)
                0x0000c598                SDCard_Start
 .text.SDCard_Stop
                0x0000c5bc       0x50 .\CortexM3\ARM_GCC_541\Debug\SCSI2SDKit_Copy_03.a(SDCard.o)
                0x0000c5bc                SDCard_Stop
 .text.SDCard_EnableTxInt
                0x0000c60c        0xc .\CortexM3\ARM_GCC_541\Debug\SCSI2SDKit_Copy_03.a(SDCard.o)
                0x0000c60c                SDCard_EnableTxInt
 .text.SDCard_EnableRxInt
                0x0000c618        0xc .\CortexM3\ARM_GCC_541\Debug\SCSI2SDKit_Copy_03.a(SDCard.o)
                0x0000c618                SDCard_EnableRxInt
 .text.SDCard_DisableTxInt
                0x0000c624        0xc .\CortexM3\ARM_GCC_541\Debug\SCSI2SDKit_Copy_03.a(SDCard.o)
                0x0000c624                SDCard_DisableTxInt
 .text.SDCard_DisableRxInt
                0x0000c630        0xc .\CortexM3\ARM_GCC_541\Debug\SCSI2SDKit_Copy_03.a(SDCard.o)
                0x0000c630                SDCard_DisableRxInt
 .text.SDCard_ReadTxStatus
                0x0000c63c       0x1c .\CortexM3\ARM_GCC_541\Debug\SCSI2SDKit_Copy_03.a(SDCard.o)
                0x0000c63c                SDCard_ReadTxStatus
 .text.SDCard_ReadRxStatus
                0x0000c658       0x1c .\CortexM3\ARM_GCC_541\Debug\SCSI2SDKit_Copy_03.a(SDCard.o)
                0x0000c658                SDCard_ReadRxStatus
 .text.SDCard_WriteTxData
                0x0000c674       0x34 .\CortexM3\ARM_GCC_541\Debug\SCSI2SDKit_Copy_03.a(SDCard.o)
                0x0000c674                SDCard_WriteTxData
 .text.SDCard_ReadRxData
                0x0000c6a8       0x1c .\CortexM3\ARM_GCC_541\Debug\SCSI2SDKit_Copy_03.a(SDCard.o)
                0x0000c6a8                SDCard_ReadRxData
 .text.SDCard_ClearFIFO
                0x0000c6c4       0x60 .\CortexM3\ARM_GCC_541\Debug\SCSI2SDKit_Copy_03.a(SDCard.o)
                0x0000c6c4                SDCard_ClearFIFO
 .text.SD_MISO_SetDriveMode
                0x0000c724       0x3c .\CortexM3\ARM_GCC_541\Debug\SCSI2SDKit_Copy_03.a(SD_MISO.o)
                0x0000c724                SD_MISO_SetDriveMode
 .text.USBFS_Start
                0x0000c760       0x3c .\CortexM3\ARM_GCC_541\Debug\SCSI2SDKit_Copy_03.a(USBFS.o)
                0x0000c760                USBFS_Start
 .text.USBFS_Init
                0x0000c79c      0x1b8 .\CortexM3\ARM_GCC_541\Debug\SCSI2SDKit_Copy_03.a(USBFS.o)
                0x0000c79c                USBFS_Init
 .text.USBFS_InitComponent
                0x0000c954      0x12c .\CortexM3\ARM_GCC_541\Debug\SCSI2SDKit_Copy_03.a(USBFS.o)
                0x0000c954                USBFS_InitComponent
 .text.USBFS_ReInitComponent
                0x0000ca80       0x88 .\CortexM3\ARM_GCC_541\Debug\SCSI2SDKit_Copy_03.a(USBFS.o)
                0x0000ca80                USBFS_ReInitComponent
 .text.USBFS_GetConfiguration
                0x0000cb08       0x18 .\CortexM3\ARM_GCC_541\Debug\SCSI2SDKit_Copy_03.a(USBFS.o)
                0x0000cb08                USBFS_GetConfiguration
 .text.USBFS_IsConfigurationChanged
                0x0000cb20       0x30 .\CortexM3\ARM_GCC_541\Debug\SCSI2SDKit_Copy_03.a(USBFS.o)
                0x0000cb20                USBFS_IsConfigurationChanged
 .text.USBFS_GetEPState
                0x0000cb50       0x2c .\CortexM3\ARM_GCC_541\Debug\SCSI2SDKit_Copy_03.a(USBFS.o)
                0x0000cb50                USBFS_GetEPState
 .text.USBFS_GetEPCount
                0x0000cb7c       0x60 .\CortexM3\ARM_GCC_541\Debug\SCSI2SDKit_Copy_03.a(USBFS.o)
                0x0000cb7c                USBFS_GetEPCount
 .text.USBFS_LoadInEP
                0x0000cbdc      0x108 .\CortexM3\ARM_GCC_541\Debug\SCSI2SDKit_Copy_03.a(USBFS.o)
                0x0000cbdc                USBFS_LoadInEP
 .text.USBFS_ReadOutEP
                0x0000cce4       0x8c .\CortexM3\ARM_GCC_541\Debug\SCSI2SDKit_Copy_03.a(USBFS.o)
                0x0000cce4                USBFS_ReadOutEP
 .text.USBFS_EnableOutEP
                0x0000cd70       0x5c .\CortexM3\ARM_GCC_541\Debug\SCSI2SDKit_Copy_03.a(USBFS.o)
                0x0000cd70                USBFS_EnableOutEP
 .text.USBFS_GetEPAckState
                0x0000cdcc       0x40 .\CortexM3\ARM_GCC_541\Debug\SCSI2SDKit_Copy_03.a(USBFS.o)
                0x0000cdcc                USBFS_GetEPAckState
 .text.USBFS_EP_0_ISR
                0x0000ce0c       0xf8 .\CortexM3\ARM_GCC_541\Debug\SCSI2SDKit_Copy_03.a(USBFS_drv.o)
                0x0000ce0c                USBFS_EP_0_ISR
 .text.USBFS_HandleSetup
                0x0000cf04       0x88 .\CortexM3\ARM_GCC_541\Debug\SCSI2SDKit_Copy_03.a(USBFS_drv.o)
                0x0000cf04                USBFS_HandleSetup
 .text.USBFS_HandleIN
                0x0000cf8c       0x4c .\CortexM3\ARM_GCC_541\Debug\SCSI2SDKit_Copy_03.a(USBFS_drv.o)
                0x0000cf8c                USBFS_HandleIN
 .text.USBFS_HandleOUT
                0x0000cfd8       0x58 .\CortexM3\ARM_GCC_541\Debug\SCSI2SDKit_Copy_03.a(USBFS_drv.o)
                0x0000cfd8                USBFS_HandleOUT
 .text.USBFS_LoadEP0
                0x0000d030       0xd0 .\CortexM3\ARM_GCC_541\Debug\SCSI2SDKit_Copy_03.a(USBFS_drv.o)
                0x0000d030                USBFS_LoadEP0
 .text.USBFS_InitControlRead
                0x0000d100       0x70 .\CortexM3\ARM_GCC_541\Debug\SCSI2SDKit_Copy_03.a(USBFS_drv.o)
                0x0000d100                USBFS_InitControlRead
 .text.USBFS_InitZeroLengthControlTransfer
                0x0000d170       0x40 .\CortexM3\ARM_GCC_541\Debug\SCSI2SDKit_Copy_03.a(USBFS_drv.o)
                0x0000d170                USBFS_InitZeroLengthControlTransfer
 .text.USBFS_ControlReadDataStage
                0x0000d1b0        0xc .\CortexM3\ARM_GCC_541\Debug\SCSI2SDKit_Copy_03.a(USBFS_drv.o)
                0x0000d1b0                USBFS_ControlReadDataStage
 .text.USBFS_ControlReadStatusStage
                0x0000d1bc       0x40 .\CortexM3\ARM_GCC_541\Debug\SCSI2SDKit_Copy_03.a(USBFS_drv.o)
                0x0000d1bc                USBFS_ControlReadStatusStage
 .text.USBFS_InitControlWrite
                0x0000d1fc       0x64 .\CortexM3\ARM_GCC_541\Debug\SCSI2SDKit_Copy_03.a(USBFS_drv.o)
                0x0000d1fc                USBFS_InitControlWrite
 .text.USBFS_ControlWriteDataStage
                0x0000d260       0xb4 .\CortexM3\ARM_GCC_541\Debug\SCSI2SDKit_Copy_03.a(USBFS_drv.o)
                0x0000d260                USBFS_ControlWriteDataStage
 .text.USBFS_ControlWriteStatusStage
                0x0000d314       0x24 .\CortexM3\ARM_GCC_541\Debug\SCSI2SDKit_Copy_03.a(USBFS_drv.o)
                0x0000d314                USBFS_ControlWriteStatusStage
 .text.USBFS_InitNoDataControlTransfer
                0x0000d338       0x38 .\CortexM3\ARM_GCC_541\Debug\SCSI2SDKit_Copy_03.a(USBFS_drv.o)
                0x0000d338                USBFS_InitNoDataControlTransfer
 .text.USBFS_NoDataControlStatusStage
                0x0000d370       0x4c .\CortexM3\ARM_GCC_541\Debug\SCSI2SDKit_Copy_03.a(USBFS_drv.o)
                0x0000d370                USBFS_NoDataControlStatusStage
 .text.USBFS_UpdateStatusBlock
                0x0000d3bc       0x40 .\CortexM3\ARM_GCC_541\Debug\SCSI2SDKit_Copy_03.a(USBFS_drv.o)
                0x0000d3bc                USBFS_UpdateStatusBlock
 .text.USBFS_InitializeStatusBlock
                0x0000d3fc       0x34 .\CortexM3\ARM_GCC_541\Debug\SCSI2SDKit_Copy_03.a(USBFS_drv.o)
                0x0000d3fc                USBFS_InitializeStatusBlock
 .text.USBFS_EP_1_ISR
                0x0000d430       0x48 .\CortexM3\ARM_GCC_541\Debug\SCSI2SDKit_Copy_03.a(USBFS_episr.o)
                0x0000d430                USBFS_EP_1_ISR
 .text.USBFS_EP_2_ISR
                0x0000d478       0x4c .\CortexM3\ARM_GCC_541\Debug\SCSI2SDKit_Copy_03.a(USBFS_episr.o)
                0x0000d478                USBFS_EP_2_ISR
 .text.USBFS_EP_3_ISR
                0x0000d4c4       0x54 .\CortexM3\ARM_GCC_541\Debug\SCSI2SDKit_Copy_03.a(USBFS_episr.o)
                0x0000d4c4                USBFS_EP_3_ISR
 .text.USBFS_EP_4_ISR
                0x0000d518       0x54 .\CortexM3\ARM_GCC_541\Debug\SCSI2SDKit_Copy_03.a(USBFS_episr.o)
                0x0000d518                USBFS_EP_4_ISR
 .text.USBFS_SOF_ISR
                0x0000d56c        0xc .\CortexM3\ARM_GCC_541\Debug\SCSI2SDKit_Copy_03.a(USBFS_episr.o)
                0x0000d56c                USBFS_SOF_ISR
 .text.USBFS_BUS_RESET_ISR
                0x0000d578        0xc .\CortexM3\ARM_GCC_541\Debug\SCSI2SDKit_Copy_03.a(USBFS_episr.o)
                0x0000d578                USBFS_BUS_RESET_ISR
 .text.USBFS_DispatchHIDClassRqst
                0x0000d584      0x1e4 .\CortexM3\ARM_GCC_541\Debug\SCSI2SDKit_Copy_03.a(USBFS_hid.o)
                0x0000d584                USBFS_DispatchHIDClassRqst
 .text.USBFS_FindHidClassDecriptor
                0x0000d768       0x7c .\CortexM3\ARM_GCC_541\Debug\SCSI2SDKit_Copy_03.a(USBFS_hid.o)
                0x0000d768                USBFS_FindHidClassDecriptor
 .text.USBFS_FindReportDescriptor
                0x0000d7e4       0x90 .\CortexM3\ARM_GCC_541\Debug\SCSI2SDKit_Copy_03.a(USBFS_hid.o)
                0x0000d7e4                USBFS_FindReportDescriptor
 .text.USBFS_FindReport
                0x0000d874       0xcc .\CortexM3\ARM_GCC_541\Debug\SCSI2SDKit_Copy_03.a(USBFS_hid.o)
                0x0000d874                USBFS_FindReport
 .text.USBFS_DP_ISR
                0x0000d940        0xc .\CortexM3\ARM_GCC_541\Debug\SCSI2SDKit_Copy_03.a(USBFS_pm.o)
                0x0000d940                USBFS_DP_ISR
 .text.USBFS_HandleStandardRqst
                0x0000d94c      0x48c .\CortexM3\ARM_GCC_541\Debug\SCSI2SDKit_Copy_03.a(USBFS_std.o)
                0x0000d94c                USBFS_HandleStandardRqst
 .text.USBFS_ConfigReg
                0x0000ddd8      0x138 .\CortexM3\ARM_GCC_541\Debug\SCSI2SDKit_Copy_03.a(USBFS_std.o)
                0x0000ddd8                USBFS_ConfigReg
 .text.USBFS_Config
                0x0000df10      0x320 .\CortexM3\ARM_GCC_541\Debug\SCSI2SDKit_Copy_03.a(USBFS_std.o)
                0x0000df10                USBFS_Config
 .text.USBFS_ConfigAltChanged
                0x0000e230      0x25c .\CortexM3\ARM_GCC_541\Debug\SCSI2SDKit_Copy_03.a(USBFS_std.o)
                0x0000e230                USBFS_ConfigAltChanged
 .text.USBFS_GetConfigTablePtr
                0x0000e48c       0x50 .\CortexM3\ARM_GCC_541\Debug\SCSI2SDKit_Copy_03.a(USBFS_std.o)
                0x0000e48c                USBFS_GetConfigTablePtr
 .text.USBFS_GetDeviceTablePtr
                0x0000e4dc       0x24 .\CortexM3\ARM_GCC_541\Debug\SCSI2SDKit_Copy_03.a(USBFS_std.o)
                0x0000e4dc                USBFS_GetDeviceTablePtr
 .text.USBFS_GetInterfaceClassTablePtr
                0x0000e500       0x4c .\CortexM3\ARM_GCC_541\Debug\SCSI2SDKit_Copy_03.a(USBFS_std.o)
                0x0000e500                USBFS_GetInterfaceClassTablePtr
 .text.USBFS_SetEndpointHalt
                0x0000e54c       0xe8 .\CortexM3\ARM_GCC_541\Debug\SCSI2SDKit_Copy_03.a(USBFS_std.o)
                0x0000e54c                USBFS_SetEndpointHalt
 .text.USBFS_ClearEndpointHalt
                0x0000e634      0x158 .\CortexM3\ARM_GCC_541\Debug\SCSI2SDKit_Copy_03.a(USBFS_std.o)
                0x0000e634                USBFS_ClearEndpointHalt
 .text.USBFS_ValidateAlternateSetting
                0x0000e78c       0x70 .\CortexM3\ARM_GCC_541\Debug\SCSI2SDKit_Copy_03.a(USBFS_std.o)
                0x0000e78c                USBFS_ValidateAlternateSetting
 .text.USBFS_HandleVendorRqst
                0x0000e7fc       0x34 .\CortexM3\ARM_GCC_541\Debug\SCSI2SDKit_Copy_03.a(USBFS_vnd.o)
                0x0000e7fc                USBFS_HandleVendorRqst
 .text.Bootloadable_1_Load
                0x0000e830       0x18 .\CortexM3\ARM_GCC_541\Debug\SCSI2SDKit_Copy_03.a(Bootloadable_1.o)
                0x0000e830                Bootloadable_1_Load
 .text.USBFS_Dp_ClearInterrupt
                0x0000e848       0x20 .\CortexM3\ARM_GCC_541\Debug\SCSI2SDKit_Copy_03.a(USBFS_Dp.o)
                0x0000e848                USBFS_Dp_ClearInterrupt
 .text.CyDmacConfigure
                0x0000e868       0x5c .\CortexM3\ARM_GCC_541\Debug\SCSI2SDKit_Copy_03.a(CyDmac.o)
                0x0000e868                CyDmacConfigure
 .text.CyDmaChEnable
                0x0000e8c4       0x8c .\CortexM3\ARM_GCC_541\Debug\SCSI2SDKit_Copy_03.a(CyDmac.o)
                0x0000e8c4                CyDmaChEnable
 .text.CyDmaChDisable
                0x0000e950       0x60 .\CortexM3\ARM_GCC_541\Debug\SCSI2SDKit_Copy_03.a(CyDmac.o)
                0x0000e950                CyDmaChDisable
 .text.CyDmaClearPendingDrq
                0x0000e9b0       0x60 .\CortexM3\ARM_GCC_541\Debug\SCSI2SDKit_Copy_03.a(CyDmac.o)
                0x0000e9b0                CyDmaClearPendingDrq
 .text.CyDmaChPriority
                0x0000ea10       0x64 .\CortexM3\ARM_GCC_541\Debug\SCSI2SDKit_Copy_03.a(CyDmac.o)
                0x0000ea10                CyDmaChPriority
 .text.CyDmaChSetExtendedAddress
                0x0000ea74       0x78 .\CortexM3\ARM_GCC_541\Debug\SCSI2SDKit_Copy_03.a(CyDmac.o)
                0x0000ea74                CyDmaChSetExtendedAddress
 .text.CyDmaChSetInitialTd
                0x0000eaec       0x3c .\CortexM3\ARM_GCC_541\Debug\SCSI2SDKit_Copy_03.a(CyDmac.o)
                0x0000eaec                CyDmaChSetInitialTd
 .text.CyDmaChSetRequest
                0x0000eb28       0x58 .\CortexM3\ARM_GCC_541\Debug\SCSI2SDKit_Copy_03.a(CyDmac.o)
                0x0000eb28                CyDmaChSetRequest
 .text.CyDmaChGetRequest
                0x0000eb80       0x38 .\CortexM3\ARM_GCC_541\Debug\SCSI2SDKit_Copy_03.a(CyDmac.o)
                0x0000eb80                CyDmaChGetRequest
 .text.CyDmaChSetConfiguration
                0x0000ebb8       0xa0 .\CortexM3\ARM_GCC_541\Debug\SCSI2SDKit_Copy_03.a(CyDmac.o)
                0x0000ebb8                CyDmaChSetConfiguration
 .text.CyDmaTdAllocate
                0x0000ec58       0x5c .\CortexM3\ARM_GCC_541\Debug\SCSI2SDKit_Copy_03.a(CyDmac.o)
                0x0000ec58                CyDmaTdAllocate
 .text.CyDmaTdSetConfiguration
                0x0000ecb4       0x80 .\CortexM3\ARM_GCC_541\Debug\SCSI2SDKit_Copy_03.a(CyDmac.o)
                0x0000ecb4                CyDmaTdSetConfiguration
 .text.CyDmaTdSetAddress
                0x0000ed34       0x5c .\CortexM3\ARM_GCC_541\Debug\SCSI2SDKit_Copy_03.a(CyDmac.o)
                0x0000ed34                CyDmaTdSetAddress
 .text.CySetTempInt
                0x0000ed90       0x7c .\CortexM3\ARM_GCC_541\Debug\SCSI2SDKit_Copy_03.a(CyFlash.o)
 .text.CyFlashGetSpcAlgorithm
                0x0000ee0c       0x70 .\CortexM3\ARM_GCC_541\Debug\SCSI2SDKit_Copy_03.a(CyFlash.o)
                0x0000ee0c                CyFlashGetSpcAlgorithm
 .text.CySetTemp
                0x0000ee7c       0x24 .\CortexM3\ARM_GCC_541\Debug\SCSI2SDKit_Copy_03.a(CyFlash.o)
                0x0000ee7c                CySetTemp
 .text.CyWriteRowData
                0x0000eea0       0x38 .\CortexM3\ARM_GCC_541\Debug\SCSI2SDKit_Copy_03.a(CyFlash.o)
                0x0000eea0                CyWriteRowData
 .text.CyWriteRowFull
                0x0000eed8      0x154 .\CortexM3\ARM_GCC_541\Debug\SCSI2SDKit_Copy_03.a(CyFlash.o)
                0x0000eed8                CyWriteRowFull
 .text.CyHalt   0x0000f02c       0x18 .\CortexM3\ARM_GCC_541\Debug\SCSI2SDKit_Copy_03.a(CyLib.o)
                0x0000f02c                CyHalt
 .text.CySoftwareReset
                0x0000f044       0x20 .\CortexM3\ARM_GCC_541\Debug\SCSI2SDKit_Copy_03.a(CyLib.o)
                0x0000f044                CySoftwareReset
 .text.CyDelay  0x0000f064       0x44 .\CortexM3\ARM_GCC_541\Debug\SCSI2SDKit_Copy_03.a(CyLib.o)
                0x0000f064                CyDelay
 .text.CyDelayUs
                0x0000f0a8       0x28 .\CortexM3\ARM_GCC_541\Debug\SCSI2SDKit_Copy_03.a(CyLib.o)
                0x0000f0a8                CyDelayUs
 .text.CyIntSetSysVector
                0x0000f0d0       0x4c .\CortexM3\ARM_GCC_541\Debug\SCSI2SDKit_Copy_03.a(CyLib.o)
                0x0000f0d0                CyIntSetSysVector
 .text.CyIntSetVector
                0x0000f11c       0x50 .\CortexM3\ARM_GCC_541\Debug\SCSI2SDKit_Copy_03.a(CyLib.o)
                0x0000f11c                CyIntSetVector
 .text.CyIntSetPriority
                0x0000f16c       0x48 .\CortexM3\ARM_GCC_541\Debug\SCSI2SDKit_Copy_03.a(CyLib.o)
                0x0000f16c                CyIntSetPriority
 .text.CySpcStart
                0x0000f1b4       0x48 .\CortexM3\ARM_GCC_541\Debug\SCSI2SDKit_Copy_03.a(CySpc.o)
                0x0000f1b4                CySpcStart
 .text.CySpcReadData
                0x0000f1fc       0x54 .\CortexM3\ARM_GCC_541\Debug\SCSI2SDKit_Copy_03.a(CySpc.o)
                0x0000f1fc                CySpcReadData
 .text.CySpcLoadRowFull
                0x0000f250      0x104 .\CortexM3\ARM_GCC_541\Debug\SCSI2SDKit_Copy_03.a(CySpc.o)
                0x0000f250                CySpcLoadRowFull
 .text.CySpcWriteRow
                0x0000f354       0x98 .\CortexM3\ARM_GCC_541\Debug\SCSI2SDKit_Copy_03.a(CySpc.o)
                0x0000f354                CySpcWriteRow
 .text.CySpcGetTemp
                0x0000f3ec       0x64 .\CortexM3\ARM_GCC_541\Debug\SCSI2SDKit_Copy_03.a(CySpc.o)
                0x0000f3ec                CySpcGetTemp
 .text.CySpcLock
                0x0000f450       0x68 .\CortexM3\ARM_GCC_541\Debug\SCSI2SDKit_Copy_03.a(CySpc.o)
                0x0000f450                CySpcLock
 .text.CySpcUnlock
                0x0000f4b8       0x50 .\CortexM3\ARM_GCC_541\Debug\SCSI2SDKit_Copy_03.a(CySpc.o)
                0x0000f4b8                CySpcUnlock
 .text.CySpcGetAlgorithm
                0x0000f508       0x44 .\CortexM3\ARM_GCC_541\Debug\SCSI2SDKit_Copy_03.a(CySpc.o)
                0x0000f508                CySpcGetAlgorithm
 .text.SD_TX_DMA_DmaInitialize
                0x0000f54c       0x64 .\CortexM3\ARM_GCC_541\Debug\SCSI2SDKit_Copy_03.a(SD_TX_DMA_dma.o)
                0x0000f54c                SD_TX_DMA_DmaInitialize
 .text.SD_RX_DMA_COMPLETE_StartEx
                0x0000f5b0       0x24 .\CortexM3\ARM_GCC_541\Debug\SCSI2SDKit_Copy_03.a(SD_RX_DMA_COMPLETE.o)
                0x0000f5b0                SD_RX_DMA_COMPLETE_StartEx
 .text.SD_RX_DMA_COMPLETE_SetVector
                0x0000f5d4       0x24 .\CortexM3\ARM_GCC_541\Debug\SCSI2SDKit_Copy_03.a(SD_RX_DMA_COMPLETE.o)
                0x0000f5d4                SD_RX_DMA_COMPLETE_SetVector
 .text.SD_RX_DMA_COMPLETE_SetPriority
                0x0000f5f8       0x24 .\CortexM3\ARM_GCC_541\Debug\SCSI2SDKit_Copy_03.a(SD_RX_DMA_COMPLETE.o)
                0x0000f5f8                SD_RX_DMA_COMPLETE_SetPriority
 .text.SD_RX_DMA_COMPLETE_Enable
                0x0000f61c       0x18 .\CortexM3\ARM_GCC_541\Debug\SCSI2SDKit_Copy_03.a(SD_RX_DMA_COMPLETE.o)
                0x0000f61c                SD_RX_DMA_COMPLETE_Enable
 .text.SD_RX_DMA_COMPLETE_Disable
                0x0000f634       0x18 .\CortexM3\ARM_GCC_541\Debug\SCSI2SDKit_Copy_03.a(SD_RX_DMA_COMPLETE.o)
                0x0000f634                SD_RX_DMA_COMPLETE_Disable
 .text.SD_RX_DMA_DmaInitialize
                0x0000f64c       0x64 .\CortexM3\ARM_GCC_541\Debug\SCSI2SDKit_Copy_03.a(SD_RX_DMA_dma.o)
                0x0000f64c                SD_RX_DMA_DmaInitialize
 .text.SCSI_CTL_PHASE_Write
                0x0000f6b0       0x20 .\CortexM3\ARM_GCC_541\Debug\SCSI2SDKit_Copy_03.a(SCSI_CTL_PHASE.o)
                0x0000f6b0                SCSI_CTL_PHASE_Write
 .text.SCSI_CTL_PHASE_Read
                0x0000f6d0       0x18 .\CortexM3\ARM_GCC_541\Debug\SCSI2SDKit_Copy_03.a(SCSI_CTL_PHASE.o)
                0x0000f6d0                SCSI_CTL_PHASE_Read
 .text.SD_TX_DMA_COMPLETE_StartEx
                0x0000f6e8       0x24 .\CortexM3\ARM_GCC_541\Debug\SCSI2SDKit_Copy_03.a(SD_TX_DMA_COMPLETE.o)
                0x0000f6e8                SD_TX_DMA_COMPLETE_StartEx
 .text.SD_TX_DMA_COMPLETE_SetVector
                0x0000f70c       0x24 .\CortexM3\ARM_GCC_541\Debug\SCSI2SDKit_Copy_03.a(SD_TX_DMA_COMPLETE.o)
                0x0000f70c                SD_TX_DMA_COMPLETE_SetVector
 .text.SD_TX_DMA_COMPLETE_SetPriority
                0x0000f730       0x24 .\CortexM3\ARM_GCC_541\Debug\SCSI2SDKit_Copy_03.a(SD_TX_DMA_COMPLETE.o)
                0x0000f730                SD_TX_DMA_COMPLETE_SetPriority
 .text.SD_TX_DMA_COMPLETE_Enable
                0x0000f754       0x18 .\CortexM3\ARM_GCC_541\Debug\SCSI2SDKit_Copy_03.a(SD_TX_DMA_COMPLETE.o)
                0x0000f754                SD_TX_DMA_COMPLETE_Enable
 .text.SD_TX_DMA_COMPLETE_Disable
                0x0000f76c       0x18 .\CortexM3\ARM_GCC_541\Debug\SCSI2SDKit_Copy_03.a(SD_TX_DMA_COMPLETE.o)
                0x0000f76c                SD_TX_DMA_COMPLETE_Disable
 .text.SCSI_TX_DMA_DmaInitialize
                0x0000f784       0x64 .\CortexM3\ARM_GCC_541\Debug\SCSI2SDKit_Copy_03.a(SCSI_TX_DMA_dma.o)
                0x0000f784                SCSI_TX_DMA_DmaInitialize
 .text.SCSI_RX_DMA_DmaInitialize
                0x0000f7e8       0x64 .\CortexM3\ARM_GCC_541\Debug\SCSI2SDKit_Copy_03.a(SCSI_RX_DMA_dma.o)
                0x0000f7e8                SCSI_RX_DMA_DmaInitialize
 .text.SCSI_TX_DMA_COMPLETE_StartEx
                0x0000f84c       0x24 .\CortexM3\ARM_GCC_541\Debug\SCSI2SDKit_Copy_03.a(SCSI_TX_DMA_COMPLETE.o)
                0x0000f84c                SCSI_TX_DMA_COMPLETE_StartEx
 .text.SCSI_TX_DMA_COMPLETE_SetVector
                0x0000f870       0x24 .\CortexM3\ARM_GCC_541\Debug\SCSI2SDKit_Copy_03.a(SCSI_TX_DMA_COMPLETE.o)
                0x0000f870                SCSI_TX_DMA_COMPLETE_SetVector
 .text.SCSI_TX_DMA_COMPLETE_SetPriority
                0x0000f894       0x24 .\CortexM3\ARM_GCC_541\Debug\SCSI2SDKit_Copy_03.a(SCSI_TX_DMA_COMPLETE.o)
                0x0000f894                SCSI_TX_DMA_COMPLETE_SetPriority
 .text.SCSI_TX_DMA_COMPLETE_Enable
                0x0000f8b8       0x18 .\CortexM3\ARM_GCC_541\Debug\SCSI2SDKit_Copy_03.a(SCSI_TX_DMA_COMPLETE.o)
                0x0000f8b8                SCSI_TX_DMA_COMPLETE_Enable
 .text.SCSI_TX_DMA_COMPLETE_Disable
                0x0000f8d0       0x18 .\CortexM3\ARM_GCC_541\Debug\SCSI2SDKit_Copy_03.a(SCSI_TX_DMA_COMPLETE.o)
                0x0000f8d0                SCSI_TX_DMA_COMPLETE_Disable
 .text.SCSI_RX_DMA_COMPLETE_StartEx
                0x0000f8e8       0x24 .\CortexM3\ARM_GCC_541\Debug\SCSI2SDKit_Copy_03.a(SCSI_RX_DMA_COMPLETE.o)
                0x0000f8e8                SCSI_RX_DMA_COMPLETE_StartEx
 .text.SCSI_RX_DMA_COMPLETE_SetVector
                0x0000f90c       0x24 .\CortexM3\ARM_GCC_541\Debug\SCSI2SDKit_Copy_03.a(SCSI_RX_DMA_COMPLETE.o)
                0x0000f90c                SCSI_RX_DMA_COMPLETE_SetVector
 .text.SCSI_RX_DMA_COMPLETE_SetPriority
                0x0000f930       0x24 .\CortexM3\ARM_GCC_541\Debug\SCSI2SDKit_Copy_03.a(SCSI_RX_DMA_COMPLETE.o)
                0x0000f930                SCSI_RX_DMA_COMPLETE_SetPriority
 .text.SCSI_RX_DMA_COMPLETE_Enable
                0x0000f954       0x18 .\CortexM3\ARM_GCC_541\Debug\SCSI2SDKit_Copy_03.a(SCSI_RX_DMA_COMPLETE.o)
                0x0000f954                SCSI_RX_DMA_COMPLETE_Enable
 .text.SCSI_RX_DMA_COMPLETE_Disable
                0x0000f96c       0x18 .\CortexM3\ARM_GCC_541\Debug\SCSI2SDKit_Copy_03.a(SCSI_RX_DMA_COMPLETE.o)
                0x0000f96c                SCSI_RX_DMA_COMPLETE_Disable
 .text.SCSI_Out_Bits_Write
                0x0000f984       0x20 .\CortexM3\ARM_GCC_541\Debug\SCSI2SDKit_Copy_03.a(SCSI_Out_Bits.o)
                0x0000f984                SCSI_Out_Bits_Write
 .text.SCSI_Out_Ctl_Write
                0x0000f9a4       0x20 .\CortexM3\ARM_GCC_541\Debug\SCSI2SDKit_Copy_03.a(SCSI_Out_Ctl.o)
                0x0000f9a4                SCSI_Out_Ctl_Write
 .text.Debug_Timer_Init
                0x0000f9c4       0xa0 .\CortexM3\ARM_GCC_541\Debug\SCSI2SDKit_Copy_03.a(Debug_Timer.o)
                0x0000f9c4                Debug_Timer_Init
 .text.Debug_Timer_Enable
                0x0000fa64       0x48 .\CortexM3\ARM_GCC_541\Debug\SCSI2SDKit_Copy_03.a(Debug_Timer.o)
                0x0000fa64                Debug_Timer_Enable
 .text.Debug_Timer_Start
                0x0000faac       0x24 .\CortexM3\ARM_GCC_541\Debug\SCSI2SDKit_Copy_03.a(Debug_Timer.o)
                0x0000faac                Debug_Timer_Start
 .text.Debug_Timer_SetInterruptMode
                0x0000fad0       0x20 .\CortexM3\ARM_GCC_541\Debug\SCSI2SDKit_Copy_03.a(Debug_Timer.o)
                0x0000fad0                Debug_Timer_SetInterruptMode
 .text.Debug_Timer_ReadStatusRegister
                0x0000faf0       0x18 .\CortexM3\ARM_GCC_541\Debug\SCSI2SDKit_Copy_03.a(Debug_Timer.o)
                0x0000faf0                Debug_Timer_ReadStatusRegister
 .text.Debug_Timer_WritePeriod
                0x0000fb08       0x24 .\CortexM3\ARM_GCC_541\Debug\SCSI2SDKit_Copy_03.a(Debug_Timer.o)
                0x0000fb08                Debug_Timer_WritePeriod
 .text.Debug_Timer_WriteCounter
                0x0000fb2c       0x20 .\CortexM3\ARM_GCC_541\Debug\SCSI2SDKit_Copy_03.a(Debug_Timer.o)
                0x0000fb2c                Debug_Timer_WriteCounter
 .text.Debug_Timer_Interrupt_StartEx
                0x0000fb4c       0x24 .\CortexM3\ARM_GCC_541\Debug\SCSI2SDKit_Copy_03.a(Debug_Timer_Interrupt.o)
                0x0000fb4c                Debug_Timer_Interrupt_StartEx
 .text.Debug_Timer_Interrupt_SetVector
                0x0000fb70       0x24 .\CortexM3\ARM_GCC_541\Debug\SCSI2SDKit_Copy_03.a(Debug_Timer_Interrupt.o)
                0x0000fb70                Debug_Timer_Interrupt_SetVector
 .text.Debug_Timer_Interrupt_SetPriority
                0x0000fb94       0x24 .\CortexM3\ARM_GCC_541\Debug\SCSI2SDKit_Copy_03.a(Debug_Timer_Interrupt.o)
                0x0000fb94                Debug_Timer_Interrupt_SetPriority
 .text.Debug_Timer_Interrupt_Enable
                0x0000fbb8       0x18 .\CortexM3\ARM_GCC_541\Debug\SCSI2SDKit_Copy_03.a(Debug_Timer_Interrupt.o)
                0x0000fbb8                Debug_Timer_Interrupt_Enable
 .text.Debug_Timer_Interrupt_Disable
                0x0000fbd0       0x18 .\CortexM3\ARM_GCC_541\Debug\SCSI2SDKit_Copy_03.a(Debug_Timer_Interrupt.o)
                0x0000fbd0                Debug_Timer_Interrupt_Disable
 .text.Debug_Timer_Interrupt_ClearPending
                0x0000fbe8       0x18 .\CortexM3\ARM_GCC_541\Debug\SCSI2SDKit_Copy_03.a(Debug_Timer_Interrupt.o)
                0x0000fbe8                Debug_Timer_Interrupt_ClearPending
 .text.SCSI_Parity_Error_Read
                0x0000fc00       0x18 .\CortexM3\ARM_GCC_541\Debug\SCSI2SDKit_Copy_03.a(SCSI_Parity_Error.o)
                0x0000fc00                SCSI_Parity_Error_Read
 .text.SCSI_CLK_SetDividerRegister
                0x0000fc18      0x164 .\CortexM3\ARM_GCC_541\Debug\SCSI2SDKit_Copy_03.a(SCSI_CLK.o)
                0x0000fc18                SCSI_CLK_SetDividerRegister
 .text.SCSI_CLK_GetDividerRegister
                0x0000fd7c       0x18 .\CortexM3\ARM_GCC_541\Debug\SCSI2SDKit_Copy_03.a(SCSI_CLK.o)
                0x0000fd7c                SCSI_CLK_GetDividerRegister
 .text.SCSI_CLK_GetSourceRegister
                0x0000fd94       0x1c .\CortexM3\ARM_GCC_541\Debug\SCSI2SDKit_Copy_03.a(SCSI_CLK.o)
                0x0000fd94                SCSI_CLK_GetSourceRegister
 .text.SCSI_Filtered_Read
                0x0000fdb0       0x18 .\CortexM3\ARM_GCC_541\Debug\SCSI2SDKit_Copy_03.a(SCSI_Filtered.o)
                0x0000fdb0                SCSI_Filtered_Read
 .text.SCSI_SEL_ISR_StartEx
                0x0000fdc8       0x24 .\CortexM3\ARM_GCC_541\Debug\SCSI2SDKit_Copy_03.a(SCSI_SEL_ISR.o)
                0x0000fdc8                SCSI_SEL_ISR_StartEx
 .text.SCSI_SEL_ISR_SetVector
                0x0000fdec       0x24 .\CortexM3\ARM_GCC_541\Debug\SCSI2SDKit_Copy_03.a(SCSI_SEL_ISR.o)
                0x0000fdec                SCSI_SEL_ISR_SetVector
 .text.SCSI_SEL_ISR_SetPriority
                0x0000fe10       0x24 .\CortexM3\ARM_GCC_541\Debug\SCSI2SDKit_Copy_03.a(SCSI_SEL_ISR.o)
                0x0000fe10                SCSI_SEL_ISR_SetPriority
 .text.SCSI_SEL_ISR_Enable
                0x0000fe34       0x18 .\CortexM3\ARM_GCC_541\Debug\SCSI2SDKit_Copy_03.a(SCSI_SEL_ISR.o)
                0x0000fe34                SCSI_SEL_ISR_Enable
 .text.SCSI_SEL_ISR_Disable
                0x0000fe4c       0x18 .\CortexM3\ARM_GCC_541\Debug\SCSI2SDKit_Copy_03.a(SCSI_SEL_ISR.o)
                0x0000fe4c                SCSI_SEL_ISR_Disable
 .text.SCSI_Glitch_Ctl_Write
                0x0000fe64       0x20 .\CortexM3\ARM_GCC_541\Debug\SCSI2SDKit_Copy_03.a(SCSI_Glitch_Ctl.o)
                0x0000fe64                SCSI_Glitch_Ctl_Write
 .text.VDAC8_1_Init
                0x0000fe84       0x28 .\CortexM3\ARM_GCC_541\Debug\SCSI2SDKit_Copy_03.a(VDAC8_1.o)
                0x0000fe84                VDAC8_1_Init
 .text.VDAC8_1_Enable
                0x0000feac       0x34 .\CortexM3\ARM_GCC_541\Debug\SCSI2SDKit_Copy_03.a(VDAC8_1.o)
                0x0000feac                VDAC8_1_Enable
 .text.VDAC8_1_Start
                0x0000fee0       0x28 .\CortexM3\ARM_GCC_541\Debug\SCSI2SDKit_Copy_03.a(VDAC8_1.o)
                0x0000fee0                VDAC8_1_Start
 .text.VDAC8_1_SetSpeed
                0x0000ff08       0x40 .\CortexM3\ARM_GCC_541\Debug\SCSI2SDKit_Copy_03.a(VDAC8_1.o)
                0x0000ff08                VDAC8_1_SetSpeed
 .text.VDAC8_1_SetRange
                0x0000ff48       0x40 .\CortexM3\ARM_GCC_541\Debug\SCSI2SDKit_Copy_03.a(VDAC8_1.o)
                0x0000ff48                VDAC8_1_SetRange
 .text.VDAC8_1_SetValue
                0x0000ff88       0x20 .\CortexM3\ARM_GCC_541\Debug\SCSI2SDKit_Copy_03.a(VDAC8_1.o)
                0x0000ff88                VDAC8_1_SetValue
 .text.VDAC8_1_DacTrim
                0x0000ffa8       0x3c .\CortexM3\ARM_GCC_541\Debug\SCSI2SDKit_Copy_03.a(VDAC8_1.o)
                0x0000ffa8                VDAC8_1_DacTrim
 .text.SOUND_ISR_Start
                0x0000ffe4       0x20 .\CortexM3\ARM_GCC_541\Debug\SCSI2SDKit_Copy_03.a(SOUND_ISR.o)
                0x0000ffe4                SOUND_ISR_Start
 .text.SOUND_ISR_Interrupt
                0x00010004       0x94 .\CortexM3\ARM_GCC_541\Debug\SCSI2SDKit_Copy_03.a(SOUND_ISR.o)
                0x00010004                SOUND_ISR_Interrupt
 .text.SOUND_ISR_SetVector
                0x00010098       0x24 .\CortexM3\ARM_GCC_541\Debug\SCSI2SDKit_Copy_03.a(SOUND_ISR.o)
                0x00010098                SOUND_ISR_SetVector
 .text.SOUND_ISR_SetPriority
                0x000100bc       0x24 .\CortexM3\ARM_GCC_541\Debug\SCSI2SDKit_Copy_03.a(SOUND_ISR.o)
                0x000100bc                SOUND_ISR_SetPriority
 .text.SOUND_ISR_Enable
                0x000100e0       0x18 .\CortexM3\ARM_GCC_541\Debug\SCSI2SDKit_Copy_03.a(SOUND_ISR.o)
                0x000100e0                SOUND_ISR_Enable
 .text.SOUND_ISR_Disable
                0x000100f8       0x18 .\CortexM3\ARM_GCC_541\Debug\SCSI2SDKit_Copy_03.a(SOUND_ISR.o)
                0x000100f8                SOUND_ISR_Disable
 .text.PGA_1_Init
                0x00010110       0x3c .\CortexM3\ARM_GCC_541\Debug\SCSI2SDKit_Copy_03.a(PGA_1.o)
                0x00010110                PGA_1_Init
 .text.PGA_1_Enable
                0x0001014c       0x48 .\CortexM3\ARM_GCC_541\Debug\SCSI2SDKit_Copy_03.a(PGA_1.o)
                0x0001014c                PGA_1_Enable
 .text.PGA_1_Start
                0x00010194       0x24 .\CortexM3\ARM_GCC_541\Debug\SCSI2SDKit_Copy_03.a(PGA_1.o)
                0x00010194                PGA_1_Start
 .text.PGA_1_SetPower
                0x000101b8       0x38 .\CortexM3\ARM_GCC_541\Debug\SCSI2SDKit_Copy_03.a(PGA_1.o)
                0x000101b8                PGA_1_SetPower
 .text.PGA_1_SetGain
                0x000101f0       0xbc .\CortexM3\ARM_GCC_541\Debug\SCSI2SDKit_Copy_03.a(PGA_1.o)
                0x000101f0                PGA_1_SetGain
 .text.LPF_1_Start
                0x000102ac       0x20 .\CortexM3\ARM_GCC_541\Debug\SCSI2SDKit_Copy_03.a(LPF_1.o)
                0x000102ac                LPF_1_Start
 .text.LPF_1_SetCutoffFreq
                0x000102cc       0x38 .\CortexM3\ARM_GCC_541\Debug\SCSI2SDKit_Copy_03.a(LPF_1.o)
                0x000102cc                LPF_1_SetCutoffFreq
 *fill*         0x00010304        0x4 
 .text          0x00010308       0x20 .\CortexM3\ARM_GCC_541\Debug\SCSI2SDKit_Copy_03.a(CyBootAsmGnu.o)
                0x00010308                CyDelayCycles
                0x00010318                CyEnterCriticalSection
                0x00010320                CyExitCriticalSection
 .text.USBFS_DispatchClassRqst
                0x00010328       0x84 .\CortexM3\ARM_GCC_541\Debug\SCSI2SDKit_Copy_03.a(USBFS_cls.o)
                0x00010328                USBFS_DispatchClassRqst
 .text          0x000103ac       0x30 c:/program files (x86)/cypress/psoc creator/4.2/psoc creator/import/gnu/arm/5.4.1/bin/../lib/gcc/arm-none-eabi/5.4.1/armv7-m\libgcc.a(_aeabi_uldivmod.o)
                0x000103ac                __aeabi_uldivmod
 .text          0x000103dc      0x2ec c:/program files (x86)/cypress/psoc creator/4.2/psoc creator/import/gnu/arm/5.4.1/bin/../lib/gcc/arm-none-eabi/5.4.1/armv7-m\libgcc.a(_udivmoddi4.o)
                0x000103dc                __udivmoddi4
 .text          0x000106c8        0x4 c:/program files (x86)/cypress/psoc creator/4.2/psoc creator/import/gnu/arm/5.4.1/bin/../lib/gcc/arm-none-eabi/5.4.1/armv7-m\libgcc.a(_dvmd_tls.o)
                0x000106c8                __aeabi_idiv0
                0x000106c8                __aeabi_ldiv0
 .text.__errno  0x000106cc        0xc c:/program files (x86)/cypress/psoc creator/4.2/psoc creator/import/gnu/arm/5.4.1/bin/../lib/gcc/arm-none-eabi/5.4.1/../../../../arm-none-eabi/lib/armv7-m\libg_nano.a(lib_a-errno.o)
                0x000106cc                __errno
 .text.__libc_init_array
                0x000106d8       0x4c c:/program files (x86)/cypress/psoc creator/4.2/psoc creator/import/gnu/arm/5.4.1/bin/../lib/gcc/arm-none-eabi/5.4.1/../../../../arm-none-eabi/lib/armv7-m\libg_nano.a(lib_a-init.o)
                0x000106d8                __libc_init_array
 .text.memcmp   0x00010724       0x1e c:/program files (x86)/cypress/psoc creator/4.2/psoc creator/import/gnu/arm/5.4.1/bin/../lib/gcc/arm-none-eabi/5.4.1/../../../../arm-none-eabi/lib/armv7-m\libg_nano.a(lib_a-memcmp.o)
                0x00010724                memcmp
 .text.memcpy   0x00010742       0x16 c:/program files (x86)/cypress/psoc creator/4.2/psoc creator/import/gnu/arm/5.4.1/bin/../lib/gcc/arm-none-eabi/5.4.1/../../../../arm-none-eabi/lib/armv7-m\libg_nano.a(lib_a-memcpy-stub.o)
                0x00010742                memcpy
 .text.memmove  0x00010758       0x36 c:/program files (x86)/cypress/psoc creator/4.2/psoc creator/import/gnu/arm/5.4.1/bin/../lib/gcc/arm-none-eabi/5.4.1/../../../../arm-none-eabi/lib/armv7-m\libg_nano.a(lib_a-memmove.o)
                0x00010758                memmove
 .text.memset   0x0001078e       0x10 c:/program files (x86)/cypress/psoc creator/4.2/psoc creator/import/gnu/arm/5.4.1/bin/../lib/gcc/arm-none-eabi/5.4.1/../../../../arm-none-eabi/lib/armv7-m\libg_nano.a(lib_a-memset.o)
                0x0001078e                memset
 *(.plt)
 *(.gnu.warning)
 *(.glue_7t)
 .glue_7t       0x0001079e        0x0 linker stubs
 *(.glue_7)
 .glue_7        0x0001079e        0x0 linker stubs
 *(.vfp11_veneer)
 .vfp11_veneer  0x0001079e        0x0 linker stubs
 *(.bootloader)
 *(.ARM.extab* .gnu.linkonce.armextab.*)
 *(.gcc_except_table)

.v4_bx          0x000107a0        0x0
 .v4_bx         0x000107a0        0x0 linker stubs

.iplt           0x000107a0        0x0
 .iplt          0x000107a0        0x0 c:/program files (x86)/cypress/psoc creator/4.2/psoc creator/import/gnu/arm/5.4.1/bin/../lib/gcc/arm-none-eabi/5.4.1/armv7-m/crtbegin.o

.eh_frame_hdr
 *(.eh_frame_hdr)

.eh_frame       0x000107a0        0x4
 *(.eh_frame)
 .eh_frame      0x000107a0        0x0 c:/program files (x86)/cypress/psoc creator/4.2/psoc creator/import/gnu/arm/5.4.1/bin/../lib/gcc/arm-none-eabi/5.4.1/armv7-m/crtbegin.o
 .eh_frame      0x000107a0        0x4 c:/program files (x86)/cypress/psoc creator/4.2/psoc creator/import/gnu/arm/5.4.1/bin/../lib/gcc/arm-none-eabi/5.4.1/armv7-m/crtend.o
                [!provide]                PROVIDE (__exidx_start, .)

.ARM.exidx      0x000107a4        0x8
 *(.ARM.exidx* .gnu.linkonce.armexidx.*)
 .ARM.exidx     0x000107a4        0x8 c:/program files (x86)/cypress/psoc creator/4.2/psoc creator/import/gnu/arm/5.4.1/bin/../lib/gcc/arm-none-eabi/5.4.1/armv7-m\libgcc.a(_udivmoddi4.o)
                0x000107ac                __exidx_end = .

.rodata         0x000107ac     0x4f9c
 *(.rodata .rodata.* .gnu.linkonce.r.*)
 .rodata        0x000107ac        0x5 .\CortexM3\ARM_GCC_541\Debug\diagnostic.o
 *fill*         0x000107b1        0x3 
 .rodata        0x000107b4       0x2f .\CortexM3\ARM_GCC_541\Debug\inquiry.o
 *fill*         0x000107e3        0x1 
 .rodata        0x000107e4       0xda .\CortexM3\ARM_GCC_541\Debug\mode.o
 *fill*         0x000108be        0x2 
 .rodata        0x000108c0       0x11 .\CortexM3\ARM_GCC_541\Debug\scsi.o
 *fill*         0x000108d1        0x3 
 .rodata        0x000108d4      0x100 .\CortexM3\ARM_GCC_541\Debug\bits.o
                0x000108d4                Lookup_OddParity
 .rodata        0x000109d4      0x109 .\CortexM3\ARM_GCC_541\Debug\config.o
 *fill*         0x00010add        0x3 
 .rodata        0x00010ae0       0x66 .\CortexM3\ARM_GCC_541\Debug\cdrom.o
 *fill*         0x00010b46        0x2 
 .rodata        0x00010b48       0x18 .\CortexM3\ARM_GCC_541\Debug\scsiPhy.o
 .rodata        0x00010b60      0xe44 .\CortexM3\ARM_GCC_541\Debug\cyfitter_cfg.o
 .rodata        0x000119a4     0x3b60 .\CortexM3\ARM_GCC_541\Debug\SCSI2SDKit_Copy_03.a(SOUND_ISR.o)
                0x000119a4                data
 .rodata        0x00015504       0x15 .\CortexM3\ARM_GCC_541\Debug\SCSI2SDKit_Copy_03.a(PGA_1.o)
 *fill*         0x00015519        0x3 
 .rodata        0x0001551c      0x1f0 .\CortexM3\ARM_GCC_541\Debug\SCSI2SDKit_Copy_03.a(USBFS_descr.o)
                0x0001551c                USBFS_DEVICE0_DESCR
                0x00015530                USBFS_DEVICE0_CONFIGURATION0_DESCR
                0x0001557c                USBFS_STRING_DESCRIPTORS
                0x000155ac                USBFS_SN_STRING_DESCRIPTOR
                0x000155b8                USBFS_HIDREPORT_DESCRIPTOR1
                0x000155e4                USBFS_HIDREPORT_DESCRIPTOR2
                0x00015610                USBFS_DEVICE0_CONFIGURATION0_INTERFACE0_ALTERNATE0_HID_IN_RPT_TABLE
                0x0001561c                USBFS_DEVICE0_CONFIGURATION0_INTERFACE0_ALTERNATE0_HID_OUT_RPT_TABLE
                0x00015628                USBFS_DEVICE0_CONFIGURATION0_INTERFACE0_ALTERNATE0_HID_TABLE
                0x00015650                USBFS_DEVICE0_CONFIGURATION0_INTERFACE1_ALTERNATE0_HID_IN_RPT_TABLE
                0x0001565c                USBFS_DEVICE0_CONFIGURATION0_INTERFACE1_ALTERNATE0_HID_OUT_RPT_TABLE
                0x00015668                USBFS_DEVICE0_CONFIGURATION0_INTERFACE1_ALTERNATE0_HID_TABLE
                0x00015690                USBFS_DEVICE0_CONFIGURATION0_INTERFACE0_TABLE
                0x00015698                USBFS_DEVICE0_CONFIGURATION0_INTERFACE1_TABLE
                0x000156a0                USBFS_DEVICE0_CONFIGURATION0_EP_SETTINGS_TABLE
                0x000156c0                USBFS_DEVICE0_CONFIGURATION0_INTERFACE_CLASS
                0x000156c4                USBFS_DEVICE0_CONFIGURATION0_TABLE
                0x000156ec                USBFS_DEVICE0_TABLE
                0x00015704                USBFS_TABLE
 .rodata.str1.1
                0x0001570c        0x2 c:/program files (x86)/cypress/psoc creator/4.2/psoc creator/import/gnu/arm/5.4.1/bin/../lib/gcc/arm-none-eabi/5.4.1/../../../../arm-none-eabi/lib/armv7-m\libg_nano.a(lib_a-impure.o)
                0x00015710                . = ALIGN (0x4)
 *fill*         0x0001570e        0x2 
 *(.init)
 .init          0x00015710        0x4 c:/program files (x86)/cypress/psoc creator/4.2/psoc creator/import/gnu/arm/5.4.1/bin/../lib/gcc/arm-none-eabi/5.4.1/armv7-m/crti.o
                0x00015710                _init
 .init          0x00015714        0x8 c:/program files (x86)/cypress/psoc creator/4.2/psoc creator/import/gnu/arm/5.4.1/bin/../lib/gcc/arm-none-eabi/5.4.1/armv7-m/crtn.o
                0x0001571c                . = ALIGN (0x4)
                0x0001571c                __preinit_array_start = .
 *(.preinit_array)
                0x0001571c                __preinit_array_end = .
                0x0001571c                . = ALIGN (0x4)
                0x0001571c                __init_array_start = .
 *(SORT(.init_array.*))
 *(.init_array)
 .init_array    0x0001571c        0x4 c:/program files (x86)/cypress/psoc creator/4.2/psoc creator/import/gnu/arm/5.4.1/bin/../lib/gcc/arm-none-eabi/5.4.1/armv7-m/crtbegin.o
 .init_array    0x00015720        0x4 .\CortexM3\ARM_GCC_541\Debug\Cm3Start.o
                0x00015724                __init_array_end = .
                0x00015724                . = ALIGN (0x4)
 *(.fini)
 .fini          0x00015724        0x4 c:/program files (x86)/cypress/psoc creator/4.2/psoc creator/import/gnu/arm/5.4.1/bin/../lib/gcc/arm-none-eabi/5.4.1/armv7-m/crti.o
                0x00015724                _fini
 .fini          0x00015728        0x8 c:/program files (x86)/cypress/psoc creator/4.2/psoc creator/import/gnu/arm/5.4.1/bin/../lib/gcc/arm-none-eabi/5.4.1/armv7-m/crtn.o
                0x00015730                . = ALIGN (0x4)
                0x00015730                __fini_array_start = .
 *(.fini_array)
 .fini_array    0x00015730        0x4 c:/program files (x86)/cypress/psoc creator/4.2/psoc creator/import/gnu/arm/5.4.1/bin/../lib/gcc/arm-none-eabi/5.4.1/armv7-m/crtbegin.o
 *(SORT(.fini_array.*))
                0x00015734                __fini_array_end = .
                0x00015734                . = ALIGN (0x4)
 *crtbegin.o(.ctors)
 *(EXCLUDE_FILE(*crtend.o) .ctors)
 *(SORT(.ctors.*))
 *crtend.o(.ctors)
                0x00015734                . = ALIGN (0x4)
 *crtbegin.o(.dtors)
 *(EXCLUDE_FILE(*crtend.o) .dtors)
 *(SORT(.dtors.*))
 *crtend.o(.dtors)
                0x00015734                . = ALIGN (0x4)
                0x00015734                __cy_regions = .
                0x00015734        0x4 LONG 0x15748 __cy_region_init_ram
                0x00015738        0x4 LONG 0x1fff80c8 __cy_region_start_data
                0x0001573c        0x4 LONG 0xc8 __cy_region_init_size_ram
                0x00015740        0x4 LONG 0x4698 __cy_region_zero_size_ram
                0x00015744                __cy_regions_end = .
                0x00015748                . = ALIGN (0x8)
 *fill*         0x00015744        0x4 
                0x00015748                _etext = .

.ramvectors     0x1fff8000       0xc0
                0x1fff8000                __cy_region_start_ram = .
 *(.ramvectors)
 .ramvectors    0x1fff8000       0xc0 .\CortexM3\ARM_GCC_541\Debug\Cm3Start.o
                0x1fff8000                CyRamVectors

.noinit         0x1fff80c0        0x5
 *(.noinit)
 .noinit        0x1fff80c0        0x4 .\CortexM3\ARM_GCC_541\Debug\Cm3Start.o
 .noinit        0x1fff80c4        0x1 .\CortexM3\ARM_GCC_541\Debug\SCSI2SDKit_Copy_03.a(CyLib.o)
                0x1fff80c4                CyResetStatus

.data           0x1fff80c8       0xc8 load address 0x00015748
                0x1fff80c8                __cy_region_start_data = .
 *(.jcr)
 .jcr           0x1fff80c8        0x0 c:/program files (x86)/cypress/psoc creator/4.2/psoc creator/import/gnu/arm/5.4.1/bin/../lib/gcc/arm-none-eabi/5.4.1/armv7-m/crtbegin.o
 .jcr           0x1fff80c8        0x4 c:/program files (x86)/cypress/psoc creator/4.2/psoc creator/import/gnu/arm/5.4.1/bin/../lib/gcc/arm-none-eabi/5.4.1/armv7-m/crtend.o
 *(.got.plt)
 *(.got)
 *(.shdata)
 *(.data .data.* .gnu.linkonce.d.*)
 .data          0x1fff80cc        0x8 .\CortexM3\ARM_GCC_541\Debug\inquiry.o
 .data          0x1fff80d4       0x24 .\CortexM3\ARM_GCC_541\Debug\sd.o
 .data          0x1fff80f8        0x8 .\CortexM3\ARM_GCC_541\Debug\cdrom.o
 .data          0x1fff8100        0xa .\CortexM3\ARM_GCC_541\Debug\scsiPhy.o
 *fill*         0x1fff810a        0x2 
 .data          0x1fff810c        0x8 .\CortexM3\ARM_GCC_541\Debug\SCSI2SDKit_Copy_03.a(CyDmac.o)
 .data          0x1fff8114       0x10 .\CortexM3\ARM_GCC_541\Debug\SCSI2SDKit_Copy_03.a(CyLib.o)
                0x1fff8114                cydelay_freq_hz
                0x1fff8118                cydelay_freq_khz
                0x1fff811c                cydelay_freq_mhz
                0x1fff8120                cydelay_32k_ms
 .data          0x1fff8124        0x1 .\CortexM3\ARM_GCC_541\Debug\SCSI2SDKit_Copy_03.a(SD_TX_DMA_dma.o)
                0x1fff8124                SD_TX_DMA_DmaHandle
 .data          0x1fff8125        0x1 .\CortexM3\ARM_GCC_541\Debug\SCSI2SDKit_Copy_03.a(SD_RX_DMA_dma.o)
                0x1fff8125                SD_RX_DMA_DmaHandle
 .data          0x1fff8126        0x1 .\CortexM3\ARM_GCC_541\Debug\SCSI2SDKit_Copy_03.a(SCSI_TX_DMA_dma.o)
                0x1fff8126                SCSI_TX_DMA_DmaHandle
 .data          0x1fff8127        0x1 .\CortexM3\ARM_GCC_541\Debug\SCSI2SDKit_Copy_03.a(SCSI_RX_DMA_dma.o)
                0x1fff8127                SCSI_RX_DMA_DmaHandle
 .data.impure_data
                0x1fff8128       0x60 c:/program files (x86)/cypress/psoc creator/4.2/psoc creator/import/gnu/arm/5.4.1/bin/../lib/gcc/arm-none-eabi/5.4.1/../../../../arm-none-eabi/lib/armv7-m\libg_nano.a(lib_a-impure.o)
 .data._impure_ptr
                0x1fff8188        0x4 c:/program files (x86)/cypress/psoc creator/4.2/psoc creator/import/gnu/arm/5.4.1/bin/../lib/gcc/arm-none-eabi/5.4.1/../../../../arm-none-eabi/lib/armv7-m\libg_nano.a(lib_a-impure.o)
                0x1fff8188                _impure_ptr
                0x1fff8190                . = ALIGN (0x8)
 *fill*         0x1fff818c        0x4 
 *(.ram)
                0x1fff8190                _edata = .

.igot.plt       0x1fff8190        0x0 load address 0x00015810
 .igot.plt      0x1fff8190        0x0 c:/program files (x86)/cypress/psoc creator/4.2/psoc creator/import/gnu/arm/5.4.1/bin/../lib/gcc/arm-none-eabi/5.4.1/armv7-m/crtbegin.o

.bss            0x1fff8190     0x4698 load address 0x00015810
                0x1fff8190                PROVIDE (__bss_start__, .)
 *(.shbss)
 *(.bss .bss.* .gnu.linkonce.b.*)
 .bss           0x1fff8190       0x1c c:/program files (x86)/cypress/psoc creator/4.2/psoc creator/import/gnu/arm/5.4.1/bin/../lib/gcc/arm-none-eabi/5.4.1/armv7-m/crtbegin.o
 .bss           0x1fff81ac       0x22 .\CortexM3\ARM_GCC_541\Debug\sd.o
 *fill*         0x1fff81ce        0x2 
 .bss           0x1fff81d0       0x4c .\CortexM3\ARM_GCC_541\Debug\config.o
 .bss           0x1fff821c        0x4 .\CortexM3\ARM_GCC_541\Debug\time.o
 .bss           0x1fff8220      0x21d .\CortexM3\ARM_GCC_541\Debug\hidpacket.o
 *fill*         0x1fff843d        0x3 
 .bss           0x1fff8440       0x10 .\CortexM3\ARM_GCC_541\Debug\scsiPhy.o
 .bss           0x1fff8450        0x1 .\CortexM3\ARM_GCC_541\Debug\SCSI2SDKit_Copy_03.a(SDCard.o)
                0x1fff8450                SDCard_initVar
 .bss           0x1fff8451        0x1 .\CortexM3\ARM_GCC_541\Debug\SCSI2SDKit_Copy_03.a(USBFS.o)
                0x1fff8451                USBFS_initVar
 *fill*         0x1fff8452        0x2 
 .bss           0x1fff8454        0x2 .\CortexM3\ARM_GCC_541\Debug\SCSI2SDKit_Copy_03.a(USBFS_std.o)
 *fill*         0x1fff8456        0x2 
 .bss           0x1fff8458        0x8 .\CortexM3\ARM_GCC_541\Debug\SCSI2SDKit_Copy_03.a(CySpc.o)
                0x1fff8458                SpcLockState
 .bss           0x1fff8460        0x1 .\CortexM3\ARM_GCC_541\Debug\SCSI2SDKit_Copy_03.a(Debug_Timer.o)
                0x1fff8460                Debug_Timer_initVar
 .bss           0x1fff8461        0x1 .\CortexM3\ARM_GCC_541\Debug\SCSI2SDKit_Copy_03.a(VDAC8_1.o)
                0x1fff8461                VDAC8_1_initVar
 .bss           0x1fff8462        0x2 .\CortexM3\ARM_GCC_541\Debug\SCSI2SDKit_Copy_03.a(SOUND_ISR.o)
 .bss           0x1fff8464        0x1 .\CortexM3\ARM_GCC_541\Debug\SCSI2SDKit_Copy_03.a(PGA_1.o)
                0x1fff8464                PGA_1_initVar
 .bss           0x1fff8465        0x1 .\CortexM3\ARM_GCC_541\Debug\SCSI2SDKit_Copy_03.a(LPF_1.o)
                0x1fff8465                LPF_1_initVar
 *(COMMON)
 *fill*         0x1fff8466        0x2 
 COMMON         0x1fff8468       0x14 .\CortexM3\ARM_GCC_541\Debug\disk.o
                0x1fff8468                transfer
                0x1fff8478                blockDev
 COMMON         0x1fff847c     0x41b0 .\CortexM3\ARM_GCC_541\Debug\scsi.o
                0x1fff847c                scsiDev
 COMMON         0x1fffc62c       0x31 .\CortexM3\ARM_GCC_541\Debug\sd.o
                0x1fffc62c                sdRxDMAComplete
                0x1fffc630                sdDev
                0x1fffc65c                sdTxDMAComplete
 COMMON         0x1fffc65d        0x1 .\CortexM3\ARM_GCC_541\Debug\trace.o
                0x1fffc65d                LastTrace
 COMMON         0x1fffc65e        0x2 .\CortexM3\ARM_GCC_541\Debug\scsiPhy.o
                0x1fffc65e                scsiRxDMAComplete
                0x1fffc65f                scsiTxDMAComplete
 COMMON         0x1fffc660       0x98 .\CortexM3\ARM_GCC_541\Debug\SCSI2SDKit_Copy_03.a(USBFS_drv.o)
                0x1fffc660                USBFS_deviceAddress
                0x1fffc661                USBFS_ep0Mode
                0x1fffc664                USBFS_interfaceSetting
                0x1fffc668                USBFS_currentTD
                0x1fffc674                USBFS_device
                0x1fffc675                USBFS_interfaceNumber
                0x1fffc676                USBFS_ep0Toggle
                0x1fffc677                USBFS_deviceStatus
                0x1fffc678                USBFS_configurationChanged
                0x1fffc679                USBFS_configuration
                0x1fffc67a                USBFS_transferState
                0x1fffc67c                USBFS_interfaceStatus
                0x1fffc680                USBFS_interfaceClass
                0x1fffc684                USBFS_EP
                0x1fffc6f0                USBFS_lastPacketSize
                0x1fffc6f1                USBFS_ep0Count
                0x1fffc6f4                USBFS_interfaceSettingLast
                0x1fffc6f6                USBFS_transferByteCount
 COMMON         0x1fffc6f8        0xa .\CortexM3\ARM_GCC_541\Debug\SCSI2SDKit_Copy_03.a(USBFS_hid.o)
                0x1fffc6f8                USBFS_hidIdleRate
                0x1fffc6fc                USBFS_hidIdleTimer
                0x1fffc700                USBFS_hidProtocol
 *fill*         0x1fffc702        0x2 
 COMMON         0x1fffc704        0x2 .\CortexM3\ARM_GCC_541\Debug\SCSI2SDKit_Copy_03.a(CyFlash.o)
                0x1fffc704                dieTemperature
 *fill*         0x1fffc706        0x2 
 COMMON         0x1fffc708      0x11d .\CortexM3\ARM_GCC_541\Debug\SCSI2SDKit_Copy_03.a(USBFS_descr.o)
                0x1fffc708                USBFS_DEVICE0_CONFIGURATION0_INTERFACE0_ALTERNATE0_HID_IN_RPT_SCB
                0x1fffc70c                USBFS_DEVICE0_CONFIGURATION0_INTERFACE1_ALTERNATE0_HID_IN_RPT_SCB
                0x1fffc710                USBFS_DEVICE0_CONFIGURATION0_INTERFACE1_ALTERNATE0_HID_IN_BUF
                0x1fffc754                USBFS_DEVICE0_CONFIGURATION0_INTERFACE0_ALTERNATE0_HID_IN_BUF
                0x1fffc798                USBFS_DEVICE0_CONFIGURATION0_INTERFACE0_ALTERNATE0_HID_OUT_BUF
                0x1fffc7dc                USBFS_DEVICE0_CONFIGURATION0_INTERFACE0_ALTERNATE0_HID_OUT_RPT_SCB
                0x1fffc7e0                USBFS_DEVICE0_CONFIGURATION0_INTERFACE1_ALTERNATE0_HID_OUT_RPT_SCB
                0x1fffc7e4                USBFS_DEVICE0_CONFIGURATION0_INTERFACE1_ALTERNATE0_HID_OUT_BUF
                0x1fffc828                . = ALIGN (0x8)
 *fill*         0x1fffc825        0x3 
 *(.ram.b)
                0x1fffc828                _end = .
                0x1fffc828                __end = .
                0x1fffc828                PROVIDE (end, .)
                0x1fffc828                PROVIDE (__bss_end__, .)
                0x00015748                __cy_region_init_ram = LOADADDR (.data)
                0x000000c8                __cy_region_init_size_ram = (_edata - ADDR (.data))
                0x00004698                __cy_region_zero_size_ram = (_end - _edata)

.heap           0x1fffc828      0x400 load address 0x00015810
                0x1fffc828                . = _end
                0x1fffcc28                . = (. + 0x400)
 *fill*         0x1fffc828      0x400 
                0x1fffcc28                __cy_heap_limit = .

.stack          0x20007000     0x1000
                0x20007000                __cy_stack_limit = .
                0x20008000                . = (. + 0x1000)
 *fill*         0x20007000     0x1000 
                0x00000001                ASSERT ((__cy_stack_limit >= __cy_heap_limit), region RAM overflowed with stack)

.cy_checksum_exclude
                0x0003ff00        0x0
 *(.cy_checksum_exclude)
                0x00000000                cy_checksum_exclude_size = (CY_APPL_LOADABLE == 0x1)?SIZEOF (.cy_checksum_exclude):0x0
                0x00000001                ASSERT ((cy_checksum_exclude_size <= CY_CHECKSUM_EXCLUDE_SIZE), CY_BOOT: Section .cy_checksum_exclude size exceedes specified limit.)

.cyloadermeta   0xf0000000       0x40
 *(.cyloadermeta)
 .cyloadermeta  0xf0000000       0x40 .\CortexM3\ARM_GCC_541\Debug\cybootloader.o
                0xf0000000                cy_meta_loader

.cyloadablemeta
                0x0003ffc0       0x40
 *(.cyloadablemeta)
 .cyloadablemeta
                0x0003ffc0       0x40 .\CortexM3\ARM_GCC_541\Debug\cymetadata.o
                0x0003ffc0                cy_meta_loadable

.cyconfigecc    0x80000860        0x1
 *(.cyconfigecc)
 .cyconfigecc   0x80000860        0x1 .\CortexM3\ARM_GCC_541\Debug\cymetadata.o
                0x80000860                cy_meta_configecc

.cycustnvl      0x90000000        0x4
 *(.cycustnvl)
 .cycustnvl     0x90000000        0x4 .\CortexM3\ARM_GCC_541\Debug\cybootloader.o
                0x90000000                cy_meta_custnvl

.cywolatch      0x90100000        0x4
 *(.cywolatch)
 .cywolatch     0x90100000        0x4 .\CortexM3\ARM_GCC_541\Debug\cybootloader.o
                0x90100000                cy_meta_wonvl

.cyeeprom       0x90200000        0x0
 *(.cyeeprom)
                0x00000001                ASSERT ((. <= ((0x90200000 + ee_offset) + ee_size)), .cyeeprom data will not fit in EEPROM)

.cyflashprotect
                0x90400000      0x100
 *(.cyflashprotect)
 .cyflashprotect
                0x90400000      0x100 .\CortexM3\ARM_GCC_541\Debug\cybootloader.o
                0x90400000                cy_meta_flashprotect

.cymeta         0x90500000        0xc
 *(.cymeta)
 .cymeta        0x90500000        0xc .\CortexM3\ARM_GCC_541\Debug\cybootloader.o
                0x90500000                cy_metadata

.rel.dyn        0x00040000        0x0 load address 0x9050000c
 .rel.iplt      0x00040000        0x0 c:/program files (x86)/cypress/psoc creator/4.2/psoc creator/import/gnu/arm/5.4.1/bin/../lib/gcc/arm-none-eabi/5.4.1/armv7-m/crtbegin.o

.stab
 *(.stab)

.stabstr
 *(.stabstr)

.debug
 *(.debug)

.line
 *(.line)

.debug_srcinfo
 *(.debug_srcinfo)

.debug_sfnames
 *(.debug_sfnames)

.debug_aranges  0x00000000     0x1a28
 *(.debug_aranges)
 .debug_aranges
                0x00000000       0x28 .\CortexM3\ARM_GCC_541\Debug\main.o
 .debug_aranges
                0x00000028       0x48 .\CortexM3\ARM_GCC_541\Debug\diagnostic.o
 .debug_aranges
                0x00000070       0x90 .\CortexM3\ARM_GCC_541\Debug\disk.o
 .debug_aranges
                0x00000100       0x50 .\CortexM3\ARM_GCC_541\Debug\geometry.o
 .debug_aranges
                0x00000150       0x30 .\CortexM3\ARM_GCC_541\Debug\inquiry.o
 .debug_aranges
                0x00000180       0x40 .\CortexM3\ARM_GCC_541\Debug\mode.o
 .debug_aranges
                0x000001c0       0xb0 .\CortexM3\ARM_GCC_541\Debug\scsi.o
 .debug_aranges
                0x00000270       0x20 .\CortexM3\ARM_GCC_541\Debug\bits.o
 .debug_aranges
                0x00000290      0x108 .\CortexM3\ARM_GCC_541\Debug\sd.o
 .debug_aranges
                0x00000398       0xa8 .\CortexM3\ARM_GCC_541\Debug\config.o
 .debug_aranges
                0x00000440       0x30 .\CortexM3\ARM_GCC_541\Debug\led.o
 .debug_aranges
                0x00000470       0x50 .\CortexM3\ARM_GCC_541\Debug\time.o
 .debug_aranges
                0x000004c0       0x48 .\CortexM3\ARM_GCC_541\Debug\hidpacket.o
 .debug_aranges
                0x00000508       0x50 .\CortexM3\ARM_GCC_541\Debug\cdrom.o
 .debug_aranges
                0x00000558       0x20 .\CortexM3\ARM_GCC_541\Debug\trace.o
 .debug_aranges
                0x00000578       0x20 .\CortexM3\ARM_GCC_541\Debug\mo.o
 .debug_aranges
                0x00000598       0x20 .\CortexM3\ARM_GCC_541\Debug\tape.o
 .debug_aranges
                0x000005b8       0x28 .\CortexM3\ARM_GCC_541\Debug\vendor.o
 .debug_aranges
                0x000005e0       0xd8 .\CortexM3\ARM_GCC_541\Debug\scsiPhy.o
 .debug_aranges
                0x000006b8       0x60 .\CortexM3\ARM_GCC_541\Debug\cyfitter_cfg.o
 .debug_aranges
                0x00000718       0x18 .\CortexM3\ARM_GCC_541\Debug\cybootloader.o
 .debug_aranges
                0x00000730       0x18 .\CortexM3\ARM_GCC_541\Debug\cymetadata.o
 .debug_aranges
                0x00000748       0x48 .\CortexM3\ARM_GCC_541\Debug\Cm3Start.o
 .debug_aranges
                0x00000790       0x70 .\CortexM3\ARM_GCC_541\Debug\SCSI2SDKit_Copy_03.a(SD_Data_Clk.o)
 .debug_aranges
                0x00000800       0x38 .\CortexM3\ARM_GCC_541\Debug\SCSI2SDKit_Copy_03.a(SD_CS.o)
 .debug_aranges
                0x00000838       0x38 .\CortexM3\ARM_GCC_541\Debug\SCSI2SDKit_Copy_03.a(SD_SCK.o)
 .debug_aranges
                0x00000870       0x38 .\CortexM3\ARM_GCC_541\Debug\SCSI2SDKit_Copy_03.a(SD_MOSI.o)
 .debug_aranges
                0x000008a8       0x80 .\CortexM3\ARM_GCC_541\Debug\SCSI2SDKit_Copy_03.a(SCSI_RST_ISR.o)
 .debug_aranges
                0x00000928       0x38 .\CortexM3\ARM_GCC_541\Debug\SCSI2SDKit_Copy_03.a(LED1.o)
 .debug_aranges
                0x00000960       0xd8 .\CortexM3\ARM_GCC_541\Debug\SCSI2SDKit_Copy_03.a(SDCard.o)
 .debug_aranges
                0x00000a38       0x38 .\CortexM3\ARM_GCC_541\Debug\SCSI2SDKit_Copy_03.a(SD_MISO.o)
 .debug_aranges
                0x00000a70       0xc8 .\CortexM3\ARM_GCC_541\Debug\SCSI2SDKit_Copy_03.a(USBFS.o)
 .debug_aranges
                0x00000b38       0x98 .\CortexM3\ARM_GCC_541\Debug\SCSI2SDKit_Copy_03.a(USBFS_drv.o)
 .debug_aranges
                0x00000bd0       0x48 .\CortexM3\ARM_GCC_541\Debug\SCSI2SDKit_Copy_03.a(USBFS_episr.o)
 .debug_aranges
                0x00000c18       0x48 .\CortexM3\ARM_GCC_541\Debug\SCSI2SDKit_Copy_03.a(USBFS_hid.o)
 .debug_aranges
                0x00000c60       0x40 .\CortexM3\ARM_GCC_541\Debug\SCSI2SDKit_Copy_03.a(USBFS_pm.o)
 .debug_aranges
                0x00000ca0       0x78 .\CortexM3\ARM_GCC_541\Debug\SCSI2SDKit_Copy_03.a(USBFS_std.o)
 .debug_aranges
                0x00000d18       0x20 .\CortexM3\ARM_GCC_541\Debug\SCSI2SDKit_Copy_03.a(USBFS_vnd.o)
 .debug_aranges
                0x00000d38       0x28 .\CortexM3\ARM_GCC_541\Debug\SCSI2SDKit_Copy_03.a(Bootloadable_1.o)
 .debug_aranges
                0x00000d60       0x48 .\CortexM3\ARM_GCC_541\Debug\SCSI2SDKit_Copy_03.a(USBFS_Dp.o)
 .debug_aranges
                0x00000da8       0xd8 .\CortexM3\ARM_GCC_541\Debug\SCSI2SDKit_Copy_03.a(CyDmac.o)
 .debug_aranges
                0x00000e80       0x90 .\CortexM3\ARM_GCC_541\Debug\SCSI2SDKit_Copy_03.a(CyFlash.o)
 .debug_aranges
                0x00000f10      0x2a0 .\CortexM3\ARM_GCC_541\Debug\SCSI2SDKit_Copy_03.a(CyLib.o)
 .debug_aranges
                0x000011b0       0x98 .\CortexM3\ARM_GCC_541\Debug\SCSI2SDKit_Copy_03.a(cyPm.o)
 .debug_aranges
                0x00001248       0x80 .\CortexM3\ARM_GCC_541\Debug\SCSI2SDKit_Copy_03.a(CySpc.o)
 .debug_aranges
                0x000012c8       0x28 .\CortexM3\ARM_GCC_541\Debug\SCSI2SDKit_Copy_03.a(SD_TX_DMA_dma.o)
 .debug_aranges
                0x000012f0       0x80 .\CortexM3\ARM_GCC_541\Debug\SCSI2SDKit_Copy_03.a(SD_RX_DMA_COMPLETE.o)
 .debug_aranges
                0x00001370       0x28 .\CortexM3\ARM_GCC_541\Debug\SCSI2SDKit_Copy_03.a(SD_RX_DMA_dma.o)
 .debug_aranges
                0x00001398       0x28 .\CortexM3\ARM_GCC_541\Debug\SCSI2SDKit_Copy_03.a(SCSI_CTL_PHASE.o)
 .debug_aranges
                0x000013c0       0x80 .\CortexM3\ARM_GCC_541\Debug\SCSI2SDKit_Copy_03.a(SD_TX_DMA_COMPLETE.o)
 .debug_aranges
                0x00001440       0x28 .\CortexM3\ARM_GCC_541\Debug\SCSI2SDKit_Copy_03.a(SCSI_TX_DMA_dma.o)
 .debug_aranges
                0x00001468       0x28 .\CortexM3\ARM_GCC_541\Debug\SCSI2SDKit_Copy_03.a(SCSI_RX_DMA_dma.o)
 .debug_aranges
                0x00001490       0x80 .\CortexM3\ARM_GCC_541\Debug\SCSI2SDKit_Copy_03.a(SCSI_TX_DMA_COMPLETE.o)
 .debug_aranges
                0x00001510       0x80 .\CortexM3\ARM_GCC_541\Debug\SCSI2SDKit_Copy_03.a(SCSI_RX_DMA_COMPLETE.o)
 .debug_aranges
                0x00001590       0x28 .\CortexM3\ARM_GCC_541\Debug\SCSI2SDKit_Copy_03.a(SCSI_Out_Bits.o)
 .debug_aranges
                0x000015b8       0x28 .\CortexM3\ARM_GCC_541\Debug\SCSI2SDKit_Copy_03.a(SCSI_Out_Ctl.o)
 .debug_aranges
                0x000015e0       0x88 .\CortexM3\ARM_GCC_541\Debug\SCSI2SDKit_Copy_03.a(Debug_Timer.o)
 .debug_aranges
                0x00001668       0x80 .\CortexM3\ARM_GCC_541\Debug\SCSI2SDKit_Copy_03.a(Debug_Timer_Interrupt.o)
 .debug_aranges
                0x000016e8       0x40 .\CortexM3\ARM_GCC_541\Debug\SCSI2SDKit_Copy_03.a(SCSI_Parity_Error.o)
 .debug_aranges
                0x00001728       0x70 .\CortexM3\ARM_GCC_541\Debug\SCSI2SDKit_Copy_03.a(SCSI_CLK.o)
 .debug_aranges
                0x00001798       0x40 .\CortexM3\ARM_GCC_541\Debug\SCSI2SDKit_Copy_03.a(SCSI_Filtered.o)
 .debug_aranges